---
source: src/parser/tests.rs
expression: "parse(\"\na and b\na and b and c\na or b\na or b or c\na and b or c\n\")"
---
ParsedFile {
    ast: Module {
        body: [
            Expression(
                ExpressionStmt {
                    value: BoolOp(
                        BoolOpExpr {
                            op: And,
                            values: [
                                Id(
                                    IdExpr {
                                        id: "a",
                                        ctx: Load,
                                        range: 1..2,
                                    },
                                ),
                                Id(
                                    IdExpr {
                                        id: "b",
                                        ctx: Load,
                                        range: 7..8,
                                    },
                                ),
                            ],
                            range: 1..8,
                        },
                    ),
                    range: 1..8,
                },
            ),
            Expression(
                ExpressionStmt {
                    value: BoolOp(
                        BoolOpExpr {
                            op: And,
                            values: [
                                Id(
                                    IdExpr {
                                        id: "a",
                                        ctx: Load,
                                        range: 9..10,
                                    },
                                ),
                                Id(
                                    IdExpr {
                                        id: "b",
                                        ctx: Load,
                                        range: 15..16,
                                    },
                                ),
                                Id(
                                    IdExpr {
                                        id: "c",
                                        ctx: Load,
                                        range: 21..22,
                                    },
                                ),
                            ],
                            range: 9..22,
                        },
                    ),
                    range: 9..22,
                },
            ),
            Expression(
                ExpressionStmt {
                    value: BoolOp(
                        BoolOpExpr {
                            op: Or,
                            values: [
                                Id(
                                    IdExpr {
                                        id: "a",
                                        ctx: Load,
                                        range: 23..24,
                                    },
                                ),
                                Id(
                                    IdExpr {
                                        id: "b",
                                        ctx: Load,
                                        range: 28..29,
                                    },
                                ),
                            ],
                            range: 23..29,
                        },
                    ),
                    range: 23..29,
                },
            ),
            Expression(
                ExpressionStmt {
                    value: BoolOp(
                        BoolOpExpr {
                            op: Or,
                            values: [
                                Id(
                                    IdExpr {
                                        id: "a",
                                        ctx: Load,
                                        range: 30..31,
                                    },
                                ),
                                Id(
                                    IdExpr {
                                        id: "b",
                                        ctx: Load,
                                        range: 35..36,
                                    },
                                ),
                                Id(
                                    IdExpr {
                                        id: "c",
                                        ctx: Load,
                                        range: 40..41,
                                    },
                                ),
                            ],
                            range: 30..41,
                        },
                    ),
                    range: 30..41,
                },
            ),
            Expression(
                ExpressionStmt {
                    value: BoolOp(
                        BoolOpExpr {
                            op: Or,
                            values: [
                                BoolOp(
                                    BoolOpExpr {
                                        op: And,
                                        values: [
                                            Id(
                                                IdExpr {
                                                    id: "a",
                                                    ctx: Load,
                                                    range: 42..43,
                                                },
                                            ),
                                            Id(
                                                IdExpr {
                                                    id: "b",
                                                    ctx: Load,
                                                    range: 48..49,
                                                },
                                            ),
                                        ],
                                        range: 42..49,
                                    },
                                ),
                                Id(
                                    IdExpr {
                                        id: "c",
                                        ctx: Load,
                                        range: 53..54,
                                    },
                                ),
                            ],
                            range: 42..54,
                        },
                    ),
                    range: 42..54,
                },
            ),
        ],
        range: 0..54,
    },
    parse_errors: [],
}
