---
source: src/parser/tests.rs
expression: "parse(\"\n{1, 2, 3}\n{1 + 2, (a, b), {1,2,3}, {a:b, **d}}\n{a}\n\")"
---
ParsedFile {
    ast: Module {
        body: [
            Expression(
                ExpressionStmt {
                    value: Set(
                        SetExpr {
                            elements: [
                                Literal(
                                    LiteralExpr {
                                        value: Int(
                                            "1",
                                        ),
                                        range: 2..3,
                                    },
                                ),
                                Literal(
                                    LiteralExpr {
                                        value: Int(
                                            "2",
                                        ),
                                        range: 5..6,
                                    },
                                ),
                                Literal(
                                    LiteralExpr {
                                        value: Int(
                                            "3",
                                        ),
                                        range: 8..9,
                                    },
                                ),
                            ],
                            range: 1..10,
                        },
                    ),
                    range: 1..10,
                },
            ),
            Expression(
                ExpressionStmt {
                    value: Set(
                        SetExpr {
                            elements: [
                                BinaryOp(
                                    BinaryOpExpr {
                                        left: Literal(
                                            LiteralExpr {
                                                value: Int(
                                                    "1",
                                                ),
                                                range: 12..13,
                                            },
                                        ),
                                        op: Add,
                                        right: Literal(
                                            LiteralExpr {
                                                value: Int(
                                                    "2",
                                                ),
                                                range: 16..17,
                                            },
                                        ),
                                        range: 12..17,
                                    },
                                ),
                                Tuple(
                                    TupleExpr {
                                        elements: [
                                            Id(
                                                IdExpr {
                                                    id: "a",
                                                    ctx: Load,
                                                    range: 20..21,
                                                },
                                            ),
                                            Id(
                                                IdExpr {
                                                    id: "b",
                                                    ctx: Load,
                                                    range: 23..24,
                                                },
                                            ),
                                        ],
                                        ctx: Load,
                                        range: 19..25,
                                    },
                                ),
                                Set(
                                    SetExpr {
                                        elements: [
                                            Literal(
                                                LiteralExpr {
                                                    value: Int(
                                                        "1",
                                                    ),
                                                    range: 28..29,
                                                },
                                            ),
                                            Literal(
                                                LiteralExpr {
                                                    value: Int(
                                                        "2",
                                                    ),
                                                    range: 30..31,
                                                },
                                            ),
                                            Literal(
                                                LiteralExpr {
                                                    value: Int(
                                                        "3",
                                                    ),
                                                    range: 32..33,
                                                },
                                            ),
                                        ],
                                        range: 27..34,
                                    },
                                ),
                                Dict(
                                    DictExpr {
                                        keys: [
                                            Some(
                                                Id(
                                                    IdExpr {
                                                        id: "a",
                                                        ctx: Load,
                                                        range: 37..38,
                                                    },
                                                ),
                                            ),
                                            None,
                                        ],
                                        values: [
                                            Id(
                                                IdExpr {
                                                    id: "b",
                                                    ctx: Load,
                                                    range: 39..40,
                                                },
                                            ),
                                            Id(
                                                IdExpr {
                                                    id: "d",
                                                    ctx: Load,
                                                    range: 44..45,
                                                },
                                            ),
                                        ],
                                        range: 36..46,
                                    },
                                ),
                            ],
                            range: 11..47,
                        },
                    ),
                    range: 11..47,
                },
            ),
            Expression(
                ExpressionStmt {
                    value: Set(
                        SetExpr {
                            elements: [
                                Id(
                                    IdExpr {
                                        id: "a",
                                        ctx: Load,
                                        range: 49..50,
                                    },
                                ),
                            ],
                            range: 48..51,
                        },
                    ),
                    range: 48..51,
                },
            ),
        ],
        range: 0..51,
    },
    parse_errors: [],
}
