---
source: src/parser/tests.rs
expression: "parse(\"\n'Hello World'\n\\\"ðŸ˜Ž\\\"\n'Foo' 'Bar'\n(\n    'A'\n    'B'\n    'C'\n)\n'''OlÃ¡, Mundo!'''\n\\\"\\\"\\\"ABCDE\\\"\\\"\\\"\n(\n    '''aB'''\n    '''cD'''\n)\nb'hello world'\n\")"
---
ParsedFile {
    ast: Module {
        body: [
            Expression(
                ExpressionStmt {
                    value: Literal(
                        LiteralExpr {
                            value: String(
                                "Hello World",
                            ),
                            range: 1..14,
                        },
                    ),
                    range: 1..14,
                },
            ),
            Expression(
                ExpressionStmt {
                    value: Literal(
                        LiteralExpr {
                            value: String(
                                "ðŸ˜Ž",
                            ),
                            range: 15..21,
                        },
                    ),
                    range: 15..21,
                },
            ),
            Expression(
                ExpressionStmt {
                    value: Literal(
                        LiteralExpr {
                            value: String(
                                "FooBar",
                            ),
                            range: 22..33,
                        },
                    ),
                    range: 22..33,
                },
            ),
            Expression(
                ExpressionStmt {
                    value: Literal(
                        LiteralExpr {
                            value: String(
                                "ABC",
                            ),
                            range: 40..59,
                        },
                    ),
                    range: 34..61,
                },
            ),
            Expression(
                ExpressionStmt {
                    value: Literal(
                        LiteralExpr {
                            value: String(
                                "OlÃ¡, Mundo!",
                            ),
                            range: 62..80,
                        },
                    ),
                    range: 62..80,
                },
            ),
            Expression(
                ExpressionStmt {
                    value: Literal(
                        LiteralExpr {
                            value: String(
                                "ABCDE",
                            ),
                            range: 81..92,
                        },
                    ),
                    range: 81..92,
                },
            ),
            Expression(
                ExpressionStmt {
                    value: Literal(
                        LiteralExpr {
                            value: String(
                                "aBcD",
                            ),
                            range: 99..120,
                        },
                    ),
                    range: 93..122,
                },
            ),
            Expression(
                ExpressionStmt {
                    value: Literal(
                        LiteralExpr {
                            value: Bytes(
                                "hello world",
                            ),
                            range: 123..137,
                        },
                    ),
                    range: 123..137,
                },
            ),
        ],
        range: 0..137,
    },
    parse_errors: [],
}
