---
source: src/parser/tests.rs
expression: "parse(\"\nif True: \n    1\n    ...\nif x < 1:\n    ...\nelse:\n    pass\n\nif a:\n    pass\nelif b:\n    ...\n\nif a and b:\n    ...\nelif True:\n    ...\nelif c:\n    ...\nelif d:\n    ...\nelse:\n    f()\nif a:=b: ...\n\")"
---
ParsedFile {
    ast: Module {
        body: [
            If(
                IfStmt {
                    test: Literal(
                        LiteralExpr {
                            value: Bool(
                                True,
                            ),
                            range: 4..8,
                        },
                    ),
                    body: [
                        Expression(
                            ExpressionStmt {
                                value: Literal(
                                    LiteralExpr {
                                        value: Int(
                                            "1",
                                        ),
                                        range: 15..16,
                                    },
                                ),
                                range: 15..16,
                            },
                        ),
                        Expression(
                            ExpressionStmt {
                                value: Ellipsis(
                                    EllipsisExpr {
                                        range: 21..24,
                                    },
                                ),
                                range: 21..24,
                            },
                        ),
                    ],
                    elif_else_clauses: [],
                    range: 1..24,
                },
            ),
            If(
                IfStmt {
                    test: Compare(
                        CompareExpr {
                            left: Id(
                                IdExpr {
                                    id: "x",
                                    ctx: Load,
                                    range: 28..29,
                                },
                            ),
                            ops: [
                                Lt,
                            ],
                            comparators: [
                                Literal(
                                    LiteralExpr {
                                        value: Int(
                                            "1",
                                        ),
                                        range: 32..33,
                                    },
                                ),
                            ],
                            range: 28..33,
                        },
                    ),
                    body: [
                        Expression(
                            ExpressionStmt {
                                value: Ellipsis(
                                    EllipsisExpr {
                                        range: 39..42,
                                    },
                                ),
                                range: 39..42,
                            },
                        ),
                    ],
                    elif_else_clauses: [
                        ElifElseClause {
                            test: None,
                            body: [
                                Pass(
                                    PassStmt {
                                        range: 53..57,
                                    },
                                ),
                            ],
                            range: 43..57,
                        },
                    ],
                    range: 25..57,
                },
            ),
            If(
                IfStmt {
                    test: Id(
                        IdExpr {
                            id: "a",
                            ctx: Load,
                            range: 62..63,
                        },
                    ),
                    body: [
                        Pass(
                            PassStmt {
                                range: 69..73,
                            },
                        ),
                    ],
                    elif_else_clauses: [
                        ElifElseClause {
                            test: Some(
                                Id(
                                    IdExpr {
                                        id: "b",
                                        ctx: Load,
                                        range: 79..80,
                                    },
                                ),
                            ),
                            body: [
                                Expression(
                                    ExpressionStmt {
                                        value: Ellipsis(
                                            EllipsisExpr {
                                                range: 86..89,
                                            },
                                        ),
                                        range: 86..89,
                                    },
                                ),
                            ],
                            range: 74..89,
                        },
                    ],
                    range: 59..89,
                },
            ),
            If(
                IfStmt {
                    test: BoolOp(
                        BoolOpExpr {
                            op: And,
                            values: [
                                Id(
                                    IdExpr {
                                        id: "a",
                                        ctx: Load,
                                        range: 94..95,
                                    },
                                ),
                                Id(
                                    IdExpr {
                                        id: "b",
                                        ctx: Load,
                                        range: 100..101,
                                    },
                                ),
                            ],
                            range: 94..101,
                        },
                    ),
                    body: [
                        Expression(
                            ExpressionStmt {
                                value: Ellipsis(
                                    EllipsisExpr {
                                        range: 107..110,
                                    },
                                ),
                                range: 107..110,
                            },
                        ),
                    ],
                    elif_else_clauses: [
                        ElifElseClause {
                            test: Some(
                                Literal(
                                    LiteralExpr {
                                        value: Bool(
                                            True,
                                        ),
                                        range: 116..120,
                                    },
                                ),
                            ),
                            body: [
                                Expression(
                                    ExpressionStmt {
                                        value: Ellipsis(
                                            EllipsisExpr {
                                                range: 126..129,
                                            },
                                        ),
                                        range: 126..129,
                                    },
                                ),
                            ],
                            range: 111..129,
                        },
                        ElifElseClause {
                            test: Some(
                                Id(
                                    IdExpr {
                                        id: "c",
                                        ctx: Load,
                                        range: 135..136,
                                    },
                                ),
                            ),
                            body: [
                                Expression(
                                    ExpressionStmt {
                                        value: Ellipsis(
                                            EllipsisExpr {
                                                range: 142..145,
                                            },
                                        ),
                                        range: 142..145,
                                    },
                                ),
                            ],
                            range: 130..145,
                        },
                        ElifElseClause {
                            test: Some(
                                Id(
                                    IdExpr {
                                        id: "d",
                                        ctx: Load,
                                        range: 151..152,
                                    },
                                ),
                            ),
                            body: [
                                Expression(
                                    ExpressionStmt {
                                        value: Ellipsis(
                                            EllipsisExpr {
                                                range: 158..161,
                                            },
                                        ),
                                        range: 158..161,
                                    },
                                ),
                            ],
                            range: 146..161,
                        },
                        ElifElseClause {
                            test: None,
                            body: [
                                Expression(
                                    ExpressionStmt {
                                        value: Call(
                                            CallExpr {
                                                func: Id(
                                                    IdExpr {
                                                        id: "f",
                                                        ctx: Load,
                                                        range: 172..173,
                                                    },
                                                ),
                                                args: Arguments {
                                                    args: [],
                                                    kw_args: [],
                                                    range: 173..175,
                                                },
                                                range: 172..175,
                                            },
                                        ),
                                        range: 172..175,
                                    },
                                ),
                            ],
                            range: 162..175,
                        },
                    ],
                    range: 91..175,
                },
            ),
            If(
                IfStmt {
                    test: Named(
                        NamedExpr {
                            target: Id(
                                IdExpr {
                                    id: "a",
                                    ctx: Store,
                                    range: 179..180,
                                },
                            ),
                            value: Id(
                                IdExpr {
                                    id: "b",
                                    ctx: Load,
                                    range: 182..183,
                                },
                            ),
                            range: 179..183,
                        },
                    ),
                    body: [
                        Expression(
                            ExpressionStmt {
                                value: Ellipsis(
                                    EllipsisExpr {
                                        range: 185..188,
                                    },
                                ),
                                range: 185..188,
                            },
                        ),
                    ],
                    elif_else_clauses: [],
                    range: 176..188,
                },
            ),
        ],
        range: 0..188,
    },
    parse_errors: [],
}
