---
source: src/parser/tests.rs
expression: "parse(\"\nl()\nx(1, 2)\nx(1, 2, x=3, y=4)\nf(*l)\nf(**a)\nf(*a, b, **l)\nf(*a, *b)\nf(\n    [\n        [a]\n        for d in f\n    ],\n)\nf(\n    {\n        [a]\n        for d in f\n    },\n)\nf(\n    {\n        A: [a]\n        for d in f\n    },\n)\ncall(\n    a=1 if True else None,\n    x=0,\n)\n\")"
---
ParsedFile {
    ast: Module {
        body: [
            Expression(
                ExpressionStmt {
                    value: Call(
                        CallExpr {
                            func: Id(
                                IdExpr {
                                    id: "l",
                                    ctx: Load,
                                    range: 1..2,
                                },
                            ),
                            args: Arguments {
                                args: [],
                                kw_args: [],
                                range: 2..4,
                            },
                            range: 1..4,
                        },
                    ),
                    range: 1..4,
                },
            ),
            Expression(
                ExpressionStmt {
                    value: Call(
                        CallExpr {
                            func: Id(
                                IdExpr {
                                    id: "x",
                                    ctx: Load,
                                    range: 5..6,
                                },
                            ),
                            args: Arguments {
                                args: [
                                    Literal(
                                        LiteralExpr {
                                            value: Int(
                                                "1",
                                            ),
                                            range: 7..8,
                                        },
                                    ),
                                    Literal(
                                        LiteralExpr {
                                            value: Int(
                                                "2",
                                            ),
                                            range: 10..11,
                                        },
                                    ),
                                ],
                                kw_args: [],
                                range: 6..12,
                            },
                            range: 5..12,
                        },
                    ),
                    range: 5..12,
                },
            ),
            Expression(
                ExpressionStmt {
                    value: Call(
                        CallExpr {
                            func: Id(
                                IdExpr {
                                    id: "x",
                                    ctx: Load,
                                    range: 13..14,
                                },
                            ),
                            args: Arguments {
                                args: [
                                    Literal(
                                        LiteralExpr {
                                            value: Int(
                                                "1",
                                            ),
                                            range: 15..16,
                                        },
                                    ),
                                    Literal(
                                        LiteralExpr {
                                            value: Int(
                                                "2",
                                            ),
                                            range: 18..19,
                                        },
                                    ),
                                ],
                                kw_args: [
                                    KeywordArg {
                                        arg: Some(
                                            Valid(
                                                Identifier {
                                                    id: "x",
                                                    range: 21..22,
                                                },
                                            ),
                                        ),
                                        value: Literal(
                                            LiteralExpr {
                                                value: Int(
                                                    "3",
                                                ),
                                                range: 23..24,
                                            },
                                        ),
                                        range: 21..24,
                                    },
                                    KeywordArg {
                                        arg: Some(
                                            Valid(
                                                Identifier {
                                                    id: "y",
                                                    range: 26..27,
                                                },
                                            ),
                                        ),
                                        value: Literal(
                                            LiteralExpr {
                                                value: Int(
                                                    "4",
                                                ),
                                                range: 28..29,
                                            },
                                        ),
                                        range: 26..29,
                                    },
                                ],
                                range: 14..30,
                            },
                            range: 13..30,
                        },
                    ),
                    range: 13..30,
                },
            ),
            Expression(
                ExpressionStmt {
                    value: Call(
                        CallExpr {
                            func: Id(
                                IdExpr {
                                    id: "f",
                                    ctx: Load,
                                    range: 31..32,
                                },
                            ),
                            args: Arguments {
                                args: [
                                    Starred(
                                        StarredExpr {
                                            value: Id(
                                                IdExpr {
                                                    id: "l",
                                                    ctx: Load,
                                                    range: 34..35,
                                                },
                                            ),
                                            ctx: Load,
                                            range: 33..35,
                                        },
                                    ),
                                ],
                                kw_args: [],
                                range: 32..36,
                            },
                            range: 31..36,
                        },
                    ),
                    range: 31..36,
                },
            ),
            Expression(
                ExpressionStmt {
                    value: Call(
                        CallExpr {
                            func: Id(
                                IdExpr {
                                    id: "f",
                                    ctx: Load,
                                    range: 37..38,
                                },
                            ),
                            args: Arguments {
                                args: [],
                                kw_args: [
                                    KeywordArg {
                                        arg: None,
                                        value: Id(
                                            IdExpr {
                                                id: "a",
                                                ctx: Load,
                                                range: 41..42,
                                            },
                                        ),
                                        range: 39..42,
                                    },
                                ],
                                range: 38..43,
                            },
                            range: 37..43,
                        },
                    ),
                    range: 37..43,
                },
            ),
            Expression(
                ExpressionStmt {
                    value: Call(
                        CallExpr {
                            func: Id(
                                IdExpr {
                                    id: "f",
                                    ctx: Load,
                                    range: 44..45,
                                },
                            ),
                            args: Arguments {
                                args: [
                                    Starred(
                                        StarredExpr {
                                            value: Id(
                                                IdExpr {
                                                    id: "a",
                                                    ctx: Load,
                                                    range: 47..48,
                                                },
                                            ),
                                            ctx: Load,
                                            range: 46..48,
                                        },
                                    ),
                                    Id(
                                        IdExpr {
                                            id: "b",
                                            ctx: Load,
                                            range: 50..51,
                                        },
                                    ),
                                ],
                                kw_args: [
                                    KeywordArg {
                                        arg: None,
                                        value: Id(
                                            IdExpr {
                                                id: "l",
                                                ctx: Load,
                                                range: 55..56,
                                            },
                                        ),
                                        range: 53..56,
                                    },
                                ],
                                range: 45..57,
                            },
                            range: 44..57,
                        },
                    ),
                    range: 44..57,
                },
            ),
            Expression(
                ExpressionStmt {
                    value: Call(
                        CallExpr {
                            func: Id(
                                IdExpr {
                                    id: "f",
                                    ctx: Load,
                                    range: 58..59,
                                },
                            ),
                            args: Arguments {
                                args: [
                                    Starred(
                                        StarredExpr {
                                            value: Id(
                                                IdExpr {
                                                    id: "a",
                                                    ctx: Load,
                                                    range: 61..62,
                                                },
                                            ),
                                            ctx: Load,
                                            range: 60..62,
                                        },
                                    ),
                                    Starred(
                                        StarredExpr {
                                            value: Id(
                                                IdExpr {
                                                    id: "b",
                                                    ctx: Load,
                                                    range: 65..66,
                                                },
                                            ),
                                            ctx: Load,
                                            range: 64..66,
                                        },
                                    ),
                                ],
                                kw_args: [],
                                range: 59..67,
                            },
                            range: 58..67,
                        },
                    ),
                    range: 58..67,
                },
            ),
            Expression(
                ExpressionStmt {
                    value: Call(
                        CallExpr {
                            func: Id(
                                IdExpr {
                                    id: "f",
                                    ctx: Load,
                                    range: 68..69,
                                },
                            ),
                            args: Arguments {
                                args: [
                                    ListComp(
                                        ListCompExpr {
                                            element: List(
                                                ListExpr {
                                                    elements: [
                                                        Id(
                                                            IdExpr {
                                                                id: "a",
                                                                ctx: Load,
                                                                range: 86..87,
                                                            },
                                                        ),
                                                    ],
                                                    ctx: Load,
                                                    range: 85..88,
                                                },
                                            ),
                                            generators: [
                                                Comprehension {
                                                    target: Id(
                                                        IdExpr {
                                                            id: "d",
                                                            ctx: Store,
                                                            range: 101..102,
                                                        },
                                                    ),
                                                    iter: Id(
                                                        IdExpr {
                                                            id: "f",
                                                            ctx: Load,
                                                            range: 106..107,
                                                        },
                                                    ),
                                                    ifs: [],
                                                    is_async: false,
                                                    range: 97..107,
                                                },
                                            ],
                                            range: 75..113,
                                        },
                                    ),
                                ],
                                kw_args: [],
                                range: 69..116,
                            },
                            range: 68..116,
                        },
                    ),
                    range: 68..116,
                },
            ),
            Expression(
                ExpressionStmt {
                    value: Call(
                        CallExpr {
                            func: Id(
                                IdExpr {
                                    id: "f",
                                    ctx: Load,
                                    range: 117..118,
                                },
                            ),
                            args: Arguments {
                                args: [
                                    SetComp(
                                        SetCompExpr {
                                            element: List(
                                                ListExpr {
                                                    elements: [
                                                        Id(
                                                            IdExpr {
                                                                id: "a",
                                                                ctx: Load,
                                                                range: 135..136,
                                                            },
                                                        ),
                                                    ],
                                                    ctx: Load,
                                                    range: 134..137,
                                                },
                                            ),
                                            generators: [
                                                Comprehension {
                                                    target: Id(
                                                        IdExpr {
                                                            id: "d",
                                                            ctx: Store,
                                                            range: 150..151,
                                                        },
                                                    ),
                                                    iter: Id(
                                                        IdExpr {
                                                            id: "f",
                                                            ctx: Load,
                                                            range: 155..156,
                                                        },
                                                    ),
                                                    ifs: [],
                                                    is_async: false,
                                                    range: 146..156,
                                                },
                                            ],
                                            range: 134..156,
                                        },
                                    ),
                                ],
                                kw_args: [],
                                range: 118..165,
                            },
                            range: 117..165,
                        },
                    ),
                    range: 117..165,
                },
            ),
            Expression(
                ExpressionStmt {
                    value: Call(
                        CallExpr {
                            func: Id(
                                IdExpr {
                                    id: "f",
                                    ctx: Load,
                                    range: 166..167,
                                },
                            ),
                            args: Arguments {
                                args: [
                                    DictComp(
                                        DictCompExpr {
                                            key: Id(
                                                IdExpr {
                                                    id: "A",
                                                    ctx: Load,
                                                    range: 183..184,
                                                },
                                            ),
                                            value: List(
                                                ListExpr {
                                                    elements: [
                                                        Id(
                                                            IdExpr {
                                                                id: "a",
                                                                ctx: Load,
                                                                range: 187..188,
                                                            },
                                                        ),
                                                    ],
                                                    ctx: Load,
                                                    range: 186..189,
                                                },
                                            ),
                                            generators: [
                                                Comprehension {
                                                    target: Id(
                                                        IdExpr {
                                                            id: "d",
                                                            ctx: Store,
                                                            range: 202..203,
                                                        },
                                                    ),
                                                    iter: Id(
                                                        IdExpr {
                                                            id: "f",
                                                            ctx: Load,
                                                            range: 207..208,
                                                        },
                                                    ),
                                                    ifs: [],
                                                    is_async: false,
                                                    range: 198..208,
                                                },
                                            ],
                                            range: 173..214,
                                        },
                                    ),
                                ],
                                kw_args: [],
                                range: 167..217,
                            },
                            range: 166..217,
                        },
                    ),
                    range: 166..217,
                },
            ),
            Expression(
                ExpressionStmt {
                    value: Call(
                        CallExpr {
                            func: Id(
                                IdExpr {
                                    id: "call",
                                    ctx: Load,
                                    range: 218..222,
                                },
                            ),
                            args: Arguments {
                                args: [],
                                kw_args: [
                                    KeywordArg {
                                        arg: Some(
                                            Valid(
                                                Identifier {
                                                    id: "a",
                                                    range: 228..229,
                                                },
                                            ),
                                        ),
                                        value: IfElse(
                                            IfElseExpr {
                                                body: Literal(
                                                    LiteralExpr {
                                                        value: Int(
                                                            "1",
                                                        ),
                                                        range: 230..231,
                                                    },
                                                ),
                                                test: Literal(
                                                    LiteralExpr {
                                                        value: Bool(
                                                            True,
                                                        ),
                                                        range: 235..239,
                                                    },
                                                ),
                                                orelse: Literal(
                                                    LiteralExpr {
                                                        value: None,
                                                        range: 245..249,
                                                    },
                                                ),
                                                range: 230..249,
                                            },
                                        ),
                                        range: 228..249,
                                    },
                                    KeywordArg {
                                        arg: Some(
                                            Valid(
                                                Identifier {
                                                    id: "x",
                                                    range: 255..256,
                                                },
                                            ),
                                        ),
                                        value: Literal(
                                            LiteralExpr {
                                                value: Int(
                                                    "0",
                                                ),
                                                range: 257..258,
                                            },
                                        ),
                                        range: 255..258,
                                    },
                                ],
                                range: 222..261,
                            },
                            range: 218..261,
                        },
                    ),
                    range: 218..261,
                },
            ),
        ],
        range: 0..261,
    },
    parse_errors: [],
}
