---
source: src/parser/tests.rs
expression: "parse(\"\n1, 2\n1 + 2,\nx and y,\n(1, 2,)\n(1,2,3,4)\n(x + 1, l,)\n()\n1, 2, 3, 4\n\")"
---
ParsedFile {
    ast: Module {
        body: [
            Expression(
                ExpressionStmt {
                    value: Tuple(
                        TupleExpr {
                            elements: [
                                Literal(
                                    LiteralExpr {
                                        value: Int(
                                            "1",
                                        ),
                                        range: 1..2,
                                    },
                                ),
                                Literal(
                                    LiteralExpr {
                                        value: Int(
                                            "2",
                                        ),
                                        range: 4..5,
                                    },
                                ),
                            ],
                            ctx: Load,
                            range: 1..5,
                        },
                    ),
                    range: 1..5,
                },
            ),
            Expression(
                ExpressionStmt {
                    value: Tuple(
                        TupleExpr {
                            elements: [
                                BinaryOp(
                                    BinaryOpExpr {
                                        left: Literal(
                                            LiteralExpr {
                                                value: Int(
                                                    "1",
                                                ),
                                                range: 6..7,
                                            },
                                        ),
                                        op: Add,
                                        right: Literal(
                                            LiteralExpr {
                                                value: Int(
                                                    "2",
                                                ),
                                                range: 10..11,
                                            },
                                        ),
                                        range: 6..11,
                                    },
                                ),
                            ],
                            ctx: Load,
                            range: 6..12,
                        },
                    ),
                    range: 6..12,
                },
            ),
            Expression(
                ExpressionStmt {
                    value: Tuple(
                        TupleExpr {
                            elements: [
                                BoolOp(
                                    BoolOpExpr {
                                        op: And,
                                        values: [
                                            Id(
                                                IdExpr {
                                                    id: "x",
                                                    ctx: Load,
                                                    range: 13..14,
                                                },
                                            ),
                                            Id(
                                                IdExpr {
                                                    id: "y",
                                                    ctx: Load,
                                                    range: 19..20,
                                                },
                                            ),
                                        ],
                                        range: 13..20,
                                    },
                                ),
                            ],
                            ctx: Load,
                            range: 13..21,
                        },
                    ),
                    range: 13..21,
                },
            ),
            Expression(
                ExpressionStmt {
                    value: Tuple(
                        TupleExpr {
                            elements: [
                                Literal(
                                    LiteralExpr {
                                        value: Int(
                                            "1",
                                        ),
                                        range: 23..24,
                                    },
                                ),
                                Literal(
                                    LiteralExpr {
                                        value: Int(
                                            "2",
                                        ),
                                        range: 26..27,
                                    },
                                ),
                            ],
                            ctx: Load,
                            range: 22..29,
                        },
                    ),
                    range: 22..29,
                },
            ),
            Expression(
                ExpressionStmt {
                    value: Tuple(
                        TupleExpr {
                            elements: [
                                Literal(
                                    LiteralExpr {
                                        value: Int(
                                            "1",
                                        ),
                                        range: 31..32,
                                    },
                                ),
                                Literal(
                                    LiteralExpr {
                                        value: Int(
                                            "2",
                                        ),
                                        range: 33..34,
                                    },
                                ),
                                Literal(
                                    LiteralExpr {
                                        value: Int(
                                            "3",
                                        ),
                                        range: 35..36,
                                    },
                                ),
                                Literal(
                                    LiteralExpr {
                                        value: Int(
                                            "4",
                                        ),
                                        range: 37..38,
                                    },
                                ),
                            ],
                            ctx: Load,
                            range: 30..39,
                        },
                    ),
                    range: 30..39,
                },
            ),
            Expression(
                ExpressionStmt {
                    value: Tuple(
                        TupleExpr {
                            elements: [
                                BinaryOp(
                                    BinaryOpExpr {
                                        left: Id(
                                            IdExpr {
                                                id: "x",
                                                ctx: Load,
                                                range: 41..42,
                                            },
                                        ),
                                        op: Add,
                                        right: Literal(
                                            LiteralExpr {
                                                value: Int(
                                                    "1",
                                                ),
                                                range: 45..46,
                                            },
                                        ),
                                        range: 41..46,
                                    },
                                ),
                                Id(
                                    IdExpr {
                                        id: "l",
                                        ctx: Load,
                                        range: 48..49,
                                    },
                                ),
                            ],
                            ctx: Load,
                            range: 40..51,
                        },
                    ),
                    range: 40..51,
                },
            ),
            Expression(
                ExpressionStmt {
                    value: Tuple(
                        TupleExpr {
                            elements: [],
                            ctx: Load,
                            range: 52..54,
                        },
                    ),
                    range: 52..54,
                },
            ),
            Expression(
                ExpressionStmt {
                    value: Tuple(
                        TupleExpr {
                            elements: [
                                Literal(
                                    LiteralExpr {
                                        value: Int(
                                            "1",
                                        ),
                                        range: 55..56,
                                    },
                                ),
                                Literal(
                                    LiteralExpr {
                                        value: Int(
                                            "2",
                                        ),
                                        range: 58..59,
                                    },
                                ),
                                Literal(
                                    LiteralExpr {
                                        value: Int(
                                            "3",
                                        ),
                                        range: 61..62,
                                    },
                                ),
                                Literal(
                                    LiteralExpr {
                                        value: Int(
                                            "4",
                                        ),
                                        range: 64..65,
                                    },
                                ),
                            ],
                            ctx: Load,
                            range: 55..65,
                        },
                    ),
                    range: 55..65,
                },
            ),
        ],
        range: 0..65,
    },
    parse_errors: [],
}
