---
source: src/parser/tests.rs
expression: "parse(\"\n(l)\n(l)()\n(l)()()()\n(a \nand\nb\nor\nc)\n\")"
---
ParsedFile {
    ast: Module {
        body: [
            Expression(
                ExpressionStmt {
                    value: Id(
                        IdExpr {
                            id: "l",
                            ctx: Load,
                            range: 2..3,
                        },
                    ),
                    range: 1..4,
                },
            ),
            Expression(
                ExpressionStmt {
                    value: Call(
                        CallExpr {
                            func: Id(
                                IdExpr {
                                    id: "l",
                                    ctx: Load,
                                    range: 6..7,
                                },
                            ),
                            args: Arguments {
                                args: [],
                                kw_args: [],
                                range: 8..10,
                            },
                            range: 5..10,
                        },
                    ),
                    range: 5..10,
                },
            ),
            Expression(
                ExpressionStmt {
                    value: Call(
                        CallExpr {
                            func: Call(
                                CallExpr {
                                    func: Call(
                                        CallExpr {
                                            func: Id(
                                                IdExpr {
                                                    id: "l",
                                                    ctx: Load,
                                                    range: 12..13,
                                                },
                                            ),
                                            args: Arguments {
                                                args: [],
                                                kw_args: [],
                                                range: 14..16,
                                            },
                                            range: 11..16,
                                        },
                                    ),
                                    args: Arguments {
                                        args: [],
                                        kw_args: [],
                                        range: 16..18,
                                    },
                                    range: 11..18,
                                },
                            ),
                            args: Arguments {
                                args: [],
                                kw_args: [],
                                range: 18..20,
                            },
                            range: 11..20,
                        },
                    ),
                    range: 11..20,
                },
            ),
            Expression(
                ExpressionStmt {
                    value: BoolOp(
                        BoolOpExpr {
                            op: Or,
                            values: [
                                BoolOp(
                                    BoolOpExpr {
                                        op: And,
                                        values: [
                                            Id(
                                                IdExpr {
                                                    id: "a",
                                                    ctx: Load,
                                                    range: 22..23,
                                                },
                                            ),
                                            Id(
                                                IdExpr {
                                                    id: "b",
                                                    ctx: Load,
                                                    range: 29..30,
                                                },
                                            ),
                                        ],
                                        range: 22..30,
                                    },
                                ),
                                Id(
                                    IdExpr {
                                        id: "c",
                                        ctx: Load,
                                        range: 34..35,
                                    },
                                ),
                            ],
                            range: 22..35,
                        },
                    ),
                    range: 21..36,
                },
            ),
        ],
        range: 0..36,
    },
    parse_errors: [],
}
