---
source: src/parser/tests.rs
expression: "parse(\"\n(i for i in list)\n(a async for i in iter)\n(b for c in d if x in w if y and yy if z)\n(a for b in c if d and e for f in j if k > h)\n(a for b in c if d and e async for f in j if k > h)\nf(x for i in l)\nf(a, x for i in l)\nf(a, x for i, j in l)\n\")"
---
ParsedFile {
    ast: Module {
        body: [
            Expression(
                ExpressionStmt {
                    value: Generator(
                        GeneratorExpr {
                            element: Id(
                                IdExpr {
                                    id: "i",
                                    ctx: Load,
                                    range: 2..3,
                                },
                            ),
                            generators: [
                                Comprehension {
                                    target: Id(
                                        IdExpr {
                                            id: "i",
                                            ctx: Store,
                                            range: 8..9,
                                        },
                                    ),
                                    iter: Id(
                                        IdExpr {
                                            id: "list",
                                            ctx: Load,
                                            range: 13..17,
                                        },
                                    ),
                                    ifs: [],
                                    is_async: false,
                                    range: 4..17,
                                },
                            ],
                            range: 1..18,
                        },
                    ),
                    range: 1..18,
                },
            ),
            Expression(
                ExpressionStmt {
                    value: Generator(
                        GeneratorExpr {
                            element: Id(
                                IdExpr {
                                    id: "a",
                                    ctx: Load,
                                    range: 20..21,
                                },
                            ),
                            generators: [
                                Comprehension {
                                    target: Id(
                                        IdExpr {
                                            id: "i",
                                            ctx: Store,
                                            range: 32..33,
                                        },
                                    ),
                                    iter: Id(
                                        IdExpr {
                                            id: "iter",
                                            ctx: Load,
                                            range: 37..41,
                                        },
                                    ),
                                    ifs: [],
                                    is_async: true,
                                    range: 22..41,
                                },
                            ],
                            range: 19..42,
                        },
                    ),
                    range: 19..42,
                },
            ),
            Expression(
                ExpressionStmt {
                    value: Generator(
                        GeneratorExpr {
                            element: Id(
                                IdExpr {
                                    id: "b",
                                    ctx: Load,
                                    range: 44..45,
                                },
                            ),
                            generators: [
                                Comprehension {
                                    target: Id(
                                        IdExpr {
                                            id: "c",
                                            ctx: Store,
                                            range: 50..51,
                                        },
                                    ),
                                    iter: Id(
                                        IdExpr {
                                            id: "d",
                                            ctx: Load,
                                            range: 55..56,
                                        },
                                    ),
                                    ifs: [
                                        Compare(
                                            CompareExpr {
                                                left: Id(
                                                    IdExpr {
                                                        id: "x",
                                                        ctx: Load,
                                                        range: 60..61,
                                                    },
                                                ),
                                                ops: [
                                                    In,
                                                ],
                                                comparators: [
                                                    Id(
                                                        IdExpr {
                                                            id: "w",
                                                            ctx: Load,
                                                            range: 65..66,
                                                        },
                                                    ),
                                                ],
                                                range: 60..66,
                                            },
                                        ),
                                        BoolOp(
                                            BoolOpExpr {
                                                op: And,
                                                values: [
                                                    Id(
                                                        IdExpr {
                                                            id: "y",
                                                            ctx: Load,
                                                            range: 70..71,
                                                        },
                                                    ),
                                                    Id(
                                                        IdExpr {
                                                            id: "yy",
                                                            ctx: Load,
                                                            range: 76..78,
                                                        },
                                                    ),
                                                ],
                                                range: 70..78,
                                            },
                                        ),
                                        Id(
                                            IdExpr {
                                                id: "z",
                                                ctx: Load,
                                                range: 82..83,
                                            },
                                        ),
                                    ],
                                    is_async: false,
                                    range: 46..83,
                                },
                            ],
                            range: 43..84,
                        },
                    ),
                    range: 43..84,
                },
            ),
            Expression(
                ExpressionStmt {
                    value: Generator(
                        GeneratorExpr {
                            element: Id(
                                IdExpr {
                                    id: "a",
                                    ctx: Load,
                                    range: 86..87,
                                },
                            ),
                            generators: [
                                Comprehension {
                                    target: Id(
                                        IdExpr {
                                            id: "b",
                                            ctx: Store,
                                            range: 92..93,
                                        },
                                    ),
                                    iter: Id(
                                        IdExpr {
                                            id: "c",
                                            ctx: Load,
                                            range: 97..98,
                                        },
                                    ),
                                    ifs: [
                                        BoolOp(
                                            BoolOpExpr {
                                                op: And,
                                                values: [
                                                    Id(
                                                        IdExpr {
                                                            id: "d",
                                                            ctx: Load,
                                                            range: 102..103,
                                                        },
                                                    ),
                                                    Id(
                                                        IdExpr {
                                                            id: "e",
                                                            ctx: Load,
                                                            range: 108..109,
                                                        },
                                                    ),
                                                ],
                                                range: 102..109,
                                            },
                                        ),
                                    ],
                                    is_async: false,
                                    range: 88..109,
                                },
                                Comprehension {
                                    target: Id(
                                        IdExpr {
                                            id: "f",
                                            ctx: Store,
                                            range: 114..115,
                                        },
                                    ),
                                    iter: Id(
                                        IdExpr {
                                            id: "j",
                                            ctx: Load,
                                            range: 119..120,
                                        },
                                    ),
                                    ifs: [
                                        Compare(
                                            CompareExpr {
                                                left: Id(
                                                    IdExpr {
                                                        id: "k",
                                                        ctx: Load,
                                                        range: 124..125,
                                                    },
                                                ),
                                                ops: [
                                                    Gt,
                                                ],
                                                comparators: [
                                                    Id(
                                                        IdExpr {
                                                            id: "h",
                                                            ctx: Load,
                                                            range: 128..129,
                                                        },
                                                    ),
                                                ],
                                                range: 124..129,
                                            },
                                        ),
                                    ],
                                    is_async: false,
                                    range: 110..129,
                                },
                            ],
                            range: 85..130,
                        },
                    ),
                    range: 85..130,
                },
            ),
            Expression(
                ExpressionStmt {
                    value: Generator(
                        GeneratorExpr {
                            element: Id(
                                IdExpr {
                                    id: "a",
                                    ctx: Load,
                                    range: 132..133,
                                },
                            ),
                            generators: [
                                Comprehension {
                                    target: Id(
                                        IdExpr {
                                            id: "b",
                                            ctx: Store,
                                            range: 138..139,
                                        },
                                    ),
                                    iter: Id(
                                        IdExpr {
                                            id: "c",
                                            ctx: Load,
                                            range: 143..144,
                                        },
                                    ),
                                    ifs: [
                                        BoolOp(
                                            BoolOpExpr {
                                                op: And,
                                                values: [
                                                    Id(
                                                        IdExpr {
                                                            id: "d",
                                                            ctx: Load,
                                                            range: 148..149,
                                                        },
                                                    ),
                                                    Id(
                                                        IdExpr {
                                                            id: "e",
                                                            ctx: Load,
                                                            range: 154..155,
                                                        },
                                                    ),
                                                ],
                                                range: 148..155,
                                            },
                                        ),
                                    ],
                                    is_async: false,
                                    range: 134..155,
                                },
                                Comprehension {
                                    target: Id(
                                        IdExpr {
                                            id: "f",
                                            ctx: Store,
                                            range: 166..167,
                                        },
                                    ),
                                    iter: Id(
                                        IdExpr {
                                            id: "j",
                                            ctx: Load,
                                            range: 171..172,
                                        },
                                    ),
                                    ifs: [
                                        Compare(
                                            CompareExpr {
                                                left: Id(
                                                    IdExpr {
                                                        id: "k",
                                                        ctx: Load,
                                                        range: 176..177,
                                                    },
                                                ),
                                                ops: [
                                                    Gt,
                                                ],
                                                comparators: [
                                                    Id(
                                                        IdExpr {
                                                            id: "h",
                                                            ctx: Load,
                                                            range: 180..181,
                                                        },
                                                    ),
                                                ],
                                                range: 176..181,
                                            },
                                        ),
                                    ],
                                    is_async: true,
                                    range: 156..181,
                                },
                            ],
                            range: 131..182,
                        },
                    ),
                    range: 131..182,
                },
            ),
            Expression(
                ExpressionStmt {
                    value: Call(
                        CallExpr {
                            func: Id(
                                IdExpr {
                                    id: "f",
                                    ctx: Load,
                                    range: 183..184,
                                },
                            ),
                            args: Arguments {
                                args: [
                                    Generator(
                                        GeneratorExpr {
                                            element: Id(
                                                IdExpr {
                                                    id: "x",
                                                    ctx: Load,
                                                    range: 185..186,
                                                },
                                            ),
                                            generators: [
                                                Comprehension {
                                                    target: Id(
                                                        IdExpr {
                                                            id: "i",
                                                            ctx: Store,
                                                            range: 191..192,
                                                        },
                                                    ),
                                                    iter: Id(
                                                        IdExpr {
                                                            id: "l",
                                                            ctx: Load,
                                                            range: 196..197,
                                                        },
                                                    ),
                                                    ifs: [],
                                                    is_async: false,
                                                    range: 187..197,
                                                },
                                            ],
                                            range: 185..197,
                                        },
                                    ),
                                ],
                                kw_args: [],
                                range: 184..198,
                            },
                            range: 183..198,
                        },
                    ),
                    range: 183..198,
                },
            ),
            Expression(
                ExpressionStmt {
                    value: Call(
                        CallExpr {
                            func: Id(
                                IdExpr {
                                    id: "f",
                                    ctx: Load,
                                    range: 199..200,
                                },
                            ),
                            args: Arguments {
                                args: [
                                    Id(
                                        IdExpr {
                                            id: "a",
                                            ctx: Load,
                                            range: 201..202,
                                        },
                                    ),
                                    Generator(
                                        GeneratorExpr {
                                            element: Id(
                                                IdExpr {
                                                    id: "x",
                                                    ctx: Load,
                                                    range: 204..205,
                                                },
                                            ),
                                            generators: [
                                                Comprehension {
                                                    target: Id(
                                                        IdExpr {
                                                            id: "i",
                                                            ctx: Store,
                                                            range: 210..211,
                                                        },
                                                    ),
                                                    iter: Id(
                                                        IdExpr {
                                                            id: "l",
                                                            ctx: Load,
                                                            range: 215..216,
                                                        },
                                                    ),
                                                    ifs: [],
                                                    is_async: false,
                                                    range: 206..216,
                                                },
                                            ],
                                            range: 204..216,
                                        },
                                    ),
                                ],
                                kw_args: [],
                                range: 200..217,
                            },
                            range: 199..217,
                        },
                    ),
                    range: 199..217,
                },
            ),
            Expression(
                ExpressionStmt {
                    value: Call(
                        CallExpr {
                            func: Id(
                                IdExpr {
                                    id: "f",
                                    ctx: Load,
                                    range: 218..219,
                                },
                            ),
                            args: Arguments {
                                args: [
                                    Id(
                                        IdExpr {
                                            id: "a",
                                            ctx: Load,
                                            range: 220..221,
                                        },
                                    ),
                                    Generator(
                                        GeneratorExpr {
                                            element: Id(
                                                IdExpr {
                                                    id: "x",
                                                    ctx: Load,
                                                    range: 223..224,
                                                },
                                            ),
                                            generators: [
                                                Comprehension {
                                                    target: Tuple(
                                                        TupleExpr {
                                                            elements: [
                                                                Id(
                                                                    IdExpr {
                                                                        id: "i",
                                                                        ctx: Store,
                                                                        range: 229..230,
                                                                    },
                                                                ),
                                                                Id(
                                                                    IdExpr {
                                                                        id: "j",
                                                                        ctx: Load,
                                                                        range: 232..233,
                                                                    },
                                                                ),
                                                            ],
                                                            ctx: Store,
                                                            range: 229..234,
                                                        },
                                                    ),
                                                    iter: Id(
                                                        IdExpr {
                                                            id: "l",
                                                            ctx: Load,
                                                            range: 237..238,
                                                        },
                                                    ),
                                                    ifs: [],
                                                    is_async: false,
                                                    range: 225..238,
                                                },
                                            ],
                                            range: 223..238,
                                        },
                                    ),
                                ],
                                kw_args: [],
                                range: 219..239,
                            },
                            range: 218..239,
                        },
                    ),
                    range: 218..239,
                },
            ),
        ],
        range: 0..239,
    },
    parse_errors: [],
}
