---
source: src/parser/tests.rs
expression: "parse(r#\"\nf\"\"\nF\"\"\nf''\nf\"\"\"\"\"\"\nf''''''\n\"#)"
---
ParsedFile {
    ast: Module {
        body: [
            Expression(
                ExpressionStmt {
                    value: FString(
                        FStringExpr {
                            values: [],
                            range: 1..4,
                        },
                    ),
                    range: 1..4,
                },
            ),
            Expression(
                ExpressionStmt {
                    value: FString(
                        FStringExpr {
                            values: [],
                            range: 5..8,
                        },
                    ),
                    range: 5..8,
                },
            ),
            Expression(
                ExpressionStmt {
                    value: FString(
                        FStringExpr {
                            values: [],
                            range: 9..12,
                        },
                    ),
                    range: 9..12,
                },
            ),
            Expression(
                ExpressionStmt {
                    value: FString(
                        FStringExpr {
                            values: [],
                            range: 13..20,
                        },
                    ),
                    range: 13..20,
                },
            ),
            Expression(
                ExpressionStmt {
                    value: FString(
                        FStringExpr {
                            values: [],
                            range: 21..28,
                        },
                    ),
                    range: 21..28,
                },
            ),
        ],
        range: 0..28,
    },
    parse_errors: [],
}
