---
source: src/parser/tests.rs
expression: "parse(\"\nclass T:\n    ...\nclass Test():\n        def __init__(self):\n            pass\nclass T(a=1, *A, **k):\n    ...\nclass T:\n    def f():\n        a, b = l\n\")"
---
ParsedFile {
    ast: Module {
        body: [
            Class(
                ClassDefStmt {
                    decorators: [],
                    name: Valid(
                        Identifier {
                            id: "T",
                            range: 7..8,
                        },
                    ),
                    type_params: None,
                    arguments: None,
                    body: [
                        Expression(
                            ExpressionStmt {
                                value: Ellipsis(
                                    EllipsisExpr {
                                        range: 14..17,
                                    },
                                ),
                                range: 14..17,
                            },
                        ),
                    ],
                    range: 1..17,
                },
            ),
            Class(
                ClassDefStmt {
                    decorators: [],
                    name: Valid(
                        Identifier {
                            id: "Test",
                            range: 24..28,
                        },
                    ),
                    type_params: None,
                    arguments: Some(
                        Arguments {
                            args: [],
                            kw_args: [],
                            range: 28..30,
                        },
                    ),
                    body: [
                        FunctionDef(
                            FunctionDefStmt {
                                name: Valid(
                                    Identifier {
                                        id: "__init__",
                                        range: 44..52,
                                    },
                                ),
                                type_params: None,
                                parameters: Parameters {
                                    kwarg: None,
                                    vararg: None,
                                    args: [
                                        ParameterWithDefault {
                                            parameter: Parameter {
                                                name: Valid(
                                                    Identifier {
                                                        id: "self",
                                                        range: 53..57,
                                                    },
                                                ),
                                                annotation: None,
                                                range: 53..57,
                                            },
                                            default: None,
                                            range: 53..57,
                                        },
                                    ],
                                    posonlyargs: [],
                                    kwonlyargs: [],
                                    range: 53..57,
                                },
                                body: [
                                    Pass(
                                        PassStmt {
                                            range: 72..76,
                                        },
                                    ),
                                ],
                                decorators: [],
                                returns: None,
                                range: 40..76,
                            },
                        ),
                    ],
                    range: 18..76,
                },
            ),
            Class(
                ClassDefStmt {
                    decorators: [],
                    name: Valid(
                        Identifier {
                            id: "T",
                            range: 83..84,
                        },
                    ),
                    type_params: None,
                    arguments: Some(
                        Arguments {
                            args: [
                                Starred(
                                    StarredExpr {
                                        value: Id(
                                            IdExpr {
                                                id: "A",
                                                ctx: Load,
                                                range: 91..92,
                                            },
                                        ),
                                        ctx: Load,
                                        range: 90..92,
                                    },
                                ),
                            ],
                            kw_args: [
                                KeywordArg {
                                    arg: Some(
                                        Valid(
                                            Identifier {
                                                id: "a",
                                                range: 85..86,
                                            },
                                        ),
                                    ),
                                    value: Literal(
                                        LiteralExpr {
                                            value: Int(
                                                "1",
                                            ),
                                            range: 87..88,
                                        },
                                    ),
                                    range: 85..88,
                                },
                                KeywordArg {
                                    arg: None,
                                    value: Id(
                                        IdExpr {
                                            id: "k",
                                            ctx: Load,
                                            range: 96..97,
                                        },
                                    ),
                                    range: 94..97,
                                },
                            ],
                            range: 84..98,
                        },
                    ),
                    body: [
                        Expression(
                            ExpressionStmt {
                                value: Ellipsis(
                                    EllipsisExpr {
                                        range: 104..107,
                                    },
                                ),
                                range: 104..107,
                            },
                        ),
                    ],
                    range: 77..107,
                },
            ),
            Class(
                ClassDefStmt {
                    decorators: [],
                    name: Valid(
                        Identifier {
                            id: "T",
                            range: 114..115,
                        },
                    ),
                    type_params: None,
                    arguments: None,
                    body: [
                        FunctionDef(
                            FunctionDefStmt {
                                name: Valid(
                                    Identifier {
                                        id: "f",
                                        range: 125..126,
                                    },
                                ),
                                type_params: None,
                                parameters: Parameters {
                                    kwarg: None,
                                    vararg: None,
                                    args: [],
                                    posonlyargs: [],
                                    kwonlyargs: [],
                                    range: 127..128,
                                },
                                body: [
                                    Assign(
                                        AssignStmt {
                                            targets: [
                                                Tuple(
                                                    TupleExpr {
                                                        elements: [
                                                            Id(
                                                                IdExpr {
                                                                    id: "a",
                                                                    ctx: Store,
                                                                    range: 138..139,
                                                                },
                                                            ),
                                                            Id(
                                                                IdExpr {
                                                                    id: "b",
                                                                    ctx: Store,
                                                                    range: 141..142,
                                                                },
                                                            ),
                                                        ],
                                                        ctx: Store,
                                                        range: 138..143,
                                                    },
                                                ),
                                            ],
                                            value: Id(
                                                IdExpr {
                                                    id: "l",
                                                    ctx: Load,
                                                    range: 145..146,
                                                },
                                            ),
                                            range: 138..146,
                                        },
                                    ),
                                ],
                                decorators: [],
                                returns: None,
                                range: 121..146,
                            },
                        ),
                    ],
                    range: 108..146,
                },
            ),
        ],
        range: 0..146,
    },
    parse_errors: [],
}
