---
source: src/parser/tests.rs
expression: "parse(\"\n{1: 2 for i in a}\n{x + 1: 'x' for i in range(5)}\n{b: c * 2 for c in d if x in w if y and yy if z}\n{a: a ** 2 for b in c if d and e for f in j if k > h}\n{a: b for b in c if d and e async for f in j if k > h}\n{a: a for b, c in d}\n\")"
---
ParsedFile {
    ast: Module {
        body: [
            Expression(
                ExpressionStmt {
                    value: DictComp(
                        DictCompExpr {
                            key: Literal(
                                LiteralExpr {
                                    value: Int(
                                        "1",
                                    ),
                                    range: 2..3,
                                },
                            ),
                            value: Literal(
                                LiteralExpr {
                                    value: Int(
                                        "2",
                                    ),
                                    range: 5..6,
                                },
                            ),
                            generators: [
                                Comprehension {
                                    target: Id(
                                        IdExpr {
                                            id: "i",
                                            ctx: Store,
                                            range: 11..12,
                                        },
                                    ),
                                    iter: Id(
                                        IdExpr {
                                            id: "a",
                                            ctx: Load,
                                            range: 16..17,
                                        },
                                    ),
                                    ifs: [],
                                    is_async: false,
                                    range: 7..17,
                                },
                            ],
                            range: 1..18,
                        },
                    ),
                    range: 1..18,
                },
            ),
            Expression(
                ExpressionStmt {
                    value: DictComp(
                        DictCompExpr {
                            key: BinaryOp(
                                BinaryOpExpr {
                                    left: Id(
                                        IdExpr {
                                            id: "x",
                                            ctx: Load,
                                            range: 20..21,
                                        },
                                    ),
                                    op: Add,
                                    right: Literal(
                                        LiteralExpr {
                                            value: Int(
                                                "1",
                                            ),
                                            range: 24..25,
                                        },
                                    ),
                                    range: 20..25,
                                },
                            ),
                            value: Literal(
                                LiteralExpr {
                                    value: String(
                                        "x",
                                    ),
                                    range: 27..30,
                                },
                            ),
                            generators: [
                                Comprehension {
                                    target: Id(
                                        IdExpr {
                                            id: "i",
                                            ctx: Store,
                                            range: 35..36,
                                        },
                                    ),
                                    iter: Call(
                                        CallExpr {
                                            func: Id(
                                                IdExpr {
                                                    id: "range",
                                                    ctx: Load,
                                                    range: 40..45,
                                                },
                                            ),
                                            args: Arguments {
                                                args: [
                                                    Literal(
                                                        LiteralExpr {
                                                            value: Int(
                                                                "5",
                                                            ),
                                                            range: 46..47,
                                                        },
                                                    ),
                                                ],
                                                kw_args: [],
                                                range: 45..48,
                                            },
                                            range: 40..48,
                                        },
                                    ),
                                    ifs: [],
                                    is_async: false,
                                    range: 31..48,
                                },
                            ],
                            range: 19..49,
                        },
                    ),
                    range: 19..49,
                },
            ),
            Expression(
                ExpressionStmt {
                    value: DictComp(
                        DictCompExpr {
                            key: Id(
                                IdExpr {
                                    id: "b",
                                    ctx: Load,
                                    range: 51..52,
                                },
                            ),
                            value: BinaryOp(
                                BinaryOpExpr {
                                    left: Id(
                                        IdExpr {
                                            id: "c",
                                            ctx: Load,
                                            range: 54..55,
                                        },
                                    ),
                                    op: Mult,
                                    right: Literal(
                                        LiteralExpr {
                                            value: Int(
                                                "2",
                                            ),
                                            range: 58..59,
                                        },
                                    ),
                                    range: 54..59,
                                },
                            ),
                            generators: [
                                Comprehension {
                                    target: Id(
                                        IdExpr {
                                            id: "c",
                                            ctx: Store,
                                            range: 64..65,
                                        },
                                    ),
                                    iter: Id(
                                        IdExpr {
                                            id: "d",
                                            ctx: Load,
                                            range: 69..70,
                                        },
                                    ),
                                    ifs: [
                                        Compare(
                                            CompareExpr {
                                                left: Id(
                                                    IdExpr {
                                                        id: "x",
                                                        ctx: Load,
                                                        range: 74..75,
                                                    },
                                                ),
                                                ops: [
                                                    In,
                                                ],
                                                comparators: [
                                                    Id(
                                                        IdExpr {
                                                            id: "w",
                                                            ctx: Load,
                                                            range: 79..80,
                                                        },
                                                    ),
                                                ],
                                                range: 74..80,
                                            },
                                        ),
                                        BoolOp(
                                            BoolOpExpr {
                                                op: And,
                                                values: [
                                                    Id(
                                                        IdExpr {
                                                            id: "y",
                                                            ctx: Load,
                                                            range: 84..85,
                                                        },
                                                    ),
                                                    Id(
                                                        IdExpr {
                                                            id: "yy",
                                                            ctx: Load,
                                                            range: 90..92,
                                                        },
                                                    ),
                                                ],
                                                range: 84..92,
                                            },
                                        ),
                                        Id(
                                            IdExpr {
                                                id: "z",
                                                ctx: Load,
                                                range: 96..97,
                                            },
                                        ),
                                    ],
                                    is_async: false,
                                    range: 60..97,
                                },
                            ],
                            range: 50..98,
                        },
                    ),
                    range: 50..98,
                },
            ),
            Expression(
                ExpressionStmt {
                    value: DictComp(
                        DictCompExpr {
                            key: Id(
                                IdExpr {
                                    id: "a",
                                    ctx: Load,
                                    range: 100..101,
                                },
                            ),
                            value: BinaryOp(
                                BinaryOpExpr {
                                    left: Id(
                                        IdExpr {
                                            id: "a",
                                            ctx: Load,
                                            range: 103..104,
                                        },
                                    ),
                                    op: Pow,
                                    right: Literal(
                                        LiteralExpr {
                                            value: Int(
                                                "2",
                                            ),
                                            range: 108..109,
                                        },
                                    ),
                                    range: 103..109,
                                },
                            ),
                            generators: [
                                Comprehension {
                                    target: Id(
                                        IdExpr {
                                            id: "b",
                                            ctx: Store,
                                            range: 114..115,
                                        },
                                    ),
                                    iter: Id(
                                        IdExpr {
                                            id: "c",
                                            ctx: Load,
                                            range: 119..120,
                                        },
                                    ),
                                    ifs: [
                                        BoolOp(
                                            BoolOpExpr {
                                                op: And,
                                                values: [
                                                    Id(
                                                        IdExpr {
                                                            id: "d",
                                                            ctx: Load,
                                                            range: 124..125,
                                                        },
                                                    ),
                                                    Id(
                                                        IdExpr {
                                                            id: "e",
                                                            ctx: Load,
                                                            range: 130..131,
                                                        },
                                                    ),
                                                ],
                                                range: 124..131,
                                            },
                                        ),
                                    ],
                                    is_async: false,
                                    range: 110..131,
                                },
                                Comprehension {
                                    target: Id(
                                        IdExpr {
                                            id: "f",
                                            ctx: Store,
                                            range: 136..137,
                                        },
                                    ),
                                    iter: Id(
                                        IdExpr {
                                            id: "j",
                                            ctx: Load,
                                            range: 141..142,
                                        },
                                    ),
                                    ifs: [
                                        Compare(
                                            CompareExpr {
                                                left: Id(
                                                    IdExpr {
                                                        id: "k",
                                                        ctx: Load,
                                                        range: 146..147,
                                                    },
                                                ),
                                                ops: [
                                                    Gt,
                                                ],
                                                comparators: [
                                                    Id(
                                                        IdExpr {
                                                            id: "h",
                                                            ctx: Load,
                                                            range: 150..151,
                                                        },
                                                    ),
                                                ],
                                                range: 146..151,
                                            },
                                        ),
                                    ],
                                    is_async: false,
                                    range: 132..151,
                                },
                            ],
                            range: 99..152,
                        },
                    ),
                    range: 99..152,
                },
            ),
            Expression(
                ExpressionStmt {
                    value: DictComp(
                        DictCompExpr {
                            key: Id(
                                IdExpr {
                                    id: "a",
                                    ctx: Load,
                                    range: 154..155,
                                },
                            ),
                            value: Id(
                                IdExpr {
                                    id: "b",
                                    ctx: Load,
                                    range: 157..158,
                                },
                            ),
                            generators: [
                                Comprehension {
                                    target: Id(
                                        IdExpr {
                                            id: "b",
                                            ctx: Store,
                                            range: 163..164,
                                        },
                                    ),
                                    iter: Id(
                                        IdExpr {
                                            id: "c",
                                            ctx: Load,
                                            range: 168..169,
                                        },
                                    ),
                                    ifs: [
                                        BoolOp(
                                            BoolOpExpr {
                                                op: And,
                                                values: [
                                                    Id(
                                                        IdExpr {
                                                            id: "d",
                                                            ctx: Load,
                                                            range: 173..174,
                                                        },
                                                    ),
                                                    Id(
                                                        IdExpr {
                                                            id: "e",
                                                            ctx: Load,
                                                            range: 179..180,
                                                        },
                                                    ),
                                                ],
                                                range: 173..180,
                                            },
                                        ),
                                    ],
                                    is_async: false,
                                    range: 159..180,
                                },
                                Comprehension {
                                    target: Id(
                                        IdExpr {
                                            id: "f",
                                            ctx: Store,
                                            range: 191..192,
                                        },
                                    ),
                                    iter: Id(
                                        IdExpr {
                                            id: "j",
                                            ctx: Load,
                                            range: 196..197,
                                        },
                                    ),
                                    ifs: [
                                        Compare(
                                            CompareExpr {
                                                left: Id(
                                                    IdExpr {
                                                        id: "k",
                                                        ctx: Load,
                                                        range: 201..202,
                                                    },
                                                ),
                                                ops: [
                                                    Gt,
                                                ],
                                                comparators: [
                                                    Id(
                                                        IdExpr {
                                                            id: "h",
                                                            ctx: Load,
                                                            range: 205..206,
                                                        },
                                                    ),
                                                ],
                                                range: 201..206,
                                            },
                                        ),
                                    ],
                                    is_async: true,
                                    range: 181..206,
                                },
                            ],
                            range: 153..207,
                        },
                    ),
                    range: 153..207,
                },
            ),
            Expression(
                ExpressionStmt {
                    value: DictComp(
                        DictCompExpr {
                            key: Id(
                                IdExpr {
                                    id: "a",
                                    ctx: Load,
                                    range: 209..210,
                                },
                            ),
                            value: Id(
                                IdExpr {
                                    id: "a",
                                    ctx: Load,
                                    range: 212..213,
                                },
                            ),
                            generators: [
                                Comprehension {
                                    target: Tuple(
                                        TupleExpr {
                                            elements: [
                                                Id(
                                                    IdExpr {
                                                        id: "b",
                                                        ctx: Store,
                                                        range: 218..219,
                                                    },
                                                ),
                                                Id(
                                                    IdExpr {
                                                        id: "c",
                                                        ctx: Load,
                                                        range: 221..222,
                                                    },
                                                ),
                                            ],
                                            ctx: Store,
                                            range: 218..223,
                                        },
                                    ),
                                    iter: Id(
                                        IdExpr {
                                            id: "d",
                                            ctx: Load,
                                            range: 226..227,
                                        },
                                    ),
                                    ifs: [],
                                    is_async: false,
                                    range: 214..227,
                                },
                            ],
                            range: 208..228,
                        },
                    ),
                    range: 208..228,
                },
            ),
        ],
        range: 0..228,
    },
    parse_errors: [],
}
