---
source: src/parser/tests.rs
expression: "parse(\"\nx: int\n(y): 1 + 2\nvar: tuple[int] | int = 1,\n\")"
---
ParsedFile {
    ast: Module {
        body: [
            AnnAssign(
                AnnAssignStmt {
                    target: Id(
                        IdExpr {
                            id: "x",
                            ctx: Store,
                            range: 1..2,
                        },
                    ),
                    annotation: Id(
                        IdExpr {
                            id: "int",
                            ctx: Load,
                            range: 4..7,
                        },
                    ),
                    value: None,
                    simple: true,
                    range: 1..7,
                },
            ),
            AnnAssign(
                AnnAssignStmt {
                    target: Id(
                        IdExpr {
                            id: "y",
                            ctx: Store,
                            range: 9..10,
                        },
                    ),
                    annotation: BinaryOp(
                        BinaryOpExpr {
                            left: Literal(
                                LiteralExpr {
                                    value: Int(
                                        "1",
                                    ),
                                    range: 13..14,
                                },
                            ),
                            op: Add,
                            right: Literal(
                                LiteralExpr {
                                    value: Int(
                                        "2",
                                    ),
                                    range: 17..18,
                                },
                            ),
                            range: 13..18,
                        },
                    ),
                    value: None,
                    simple: false,
                    range: 8..18,
                },
            ),
            AnnAssign(
                AnnAssignStmt {
                    target: Id(
                        IdExpr {
                            id: "var",
                            ctx: Store,
                            range: 19..22,
                        },
                    ),
                    annotation: BinaryOp(
                        BinaryOpExpr {
                            left: Subscript(
                                SubscriptExpr {
                                    value: Id(
                                        IdExpr {
                                            id: "tuple",
                                            ctx: Load,
                                            range: 24..29,
                                        },
                                    ),
                                    slice: Id(
                                        IdExpr {
                                            id: "int",
                                            ctx: Load,
                                            range: 30..33,
                                        },
                                    ),
                                    ctx: Load,
                                    range: 24..34,
                                },
                            ),
                            op: BitOr,
                            right: Id(
                                IdExpr {
                                    id: "int",
                                    ctx: Load,
                                    range: 37..40,
                                },
                            ),
                            range: 24..40,
                        },
                    ),
                    value: Some(
                        Tuple(
                            TupleExpr {
                                elements: [
                                    Literal(
                                        LiteralExpr {
                                            value: Int(
                                                "1",
                                            ),
                                            range: 43..44,
                                        },
                                    ),
                                ],
                                ctx: Load,
                                range: 43..45,
                            },
                        ),
                    ),
                    simple: true,
                    range: 19..45,
                },
            ),
        ],
        range: 0..45,
    },
    parse_errors: [],
}
