---
source: src/parser/tests.rs
expression: "parse(\"\nwith x:\n    ...\nwith x, y:\n    ...\nwith open() as f:\n    ...\nwith f() as x.attr:\n    pass\nwith x as X, y as Y, z as Z:\n    ...\nwith (x, z as Y, y,):\n    ...\nwith (a) as f:\n    ...\nwith ((a) as f, 1):\n    ...\nwith a:\n    yield a, b\nwith (yield 1):\n    ...\nwith (yield from 1):\n    ...\nwith (a := 1):\n    ...\n\")"
---
ParsedFile {
    ast: Module {
        body: [
            With(
                WithStmt {
                    items: [
                        WithItem {
                            item: Id(
                                IdExpr {
                                    id: "x",
                                    ctx: Load,
                                    range: 6..7,
                                },
                            ),
                            target: None,
                            range: 6..7,
                        },
                    ],
                    body: [
                        Expression(
                            ExpressionStmt {
                                value: Ellipsis(
                                    EllipsisExpr {
                                        range: 13..16,
                                    },
                                ),
                                range: 13..16,
                            },
                        ),
                    ],
                    range: 1..16,
                },
            ),
            With(
                WithStmt {
                    items: [
                        WithItem {
                            item: Id(
                                IdExpr {
                                    id: "x",
                                    ctx: Load,
                                    range: 22..23,
                                },
                            ),
                            target: None,
                            range: 22..23,
                        },
                        WithItem {
                            item: Id(
                                IdExpr {
                                    id: "y",
                                    ctx: Load,
                                    range: 25..26,
                                },
                            ),
                            target: None,
                            range: 25..26,
                        },
                    ],
                    body: [
                        Expression(
                            ExpressionStmt {
                                value: Ellipsis(
                                    EllipsisExpr {
                                        range: 32..35,
                                    },
                                ),
                                range: 32..35,
                            },
                        ),
                    ],
                    range: 17..35,
                },
            ),
            With(
                WithStmt {
                    items: [
                        WithItem {
                            item: Call(
                                CallExpr {
                                    func: Id(
                                        IdExpr {
                                            id: "open",
                                            ctx: Load,
                                            range: 41..45,
                                        },
                                    ),
                                    args: Arguments {
                                        args: [],
                                        kw_args: [],
                                        range: 45..47,
                                    },
                                    range: 41..47,
                                },
                            ),
                            target: Some(
                                Id(
                                    IdExpr {
                                        id: "f",
                                        ctx: Store,
                                        range: 51..52,
                                    },
                                ),
                            ),
                            range: 41..52,
                        },
                    ],
                    body: [
                        Expression(
                            ExpressionStmt {
                                value: Ellipsis(
                                    EllipsisExpr {
                                        range: 58..61,
                                    },
                                ),
                                range: 58..61,
                            },
                        ),
                    ],
                    range: 36..61,
                },
            ),
            With(
                WithStmt {
                    items: [
                        WithItem {
                            item: Call(
                                CallExpr {
                                    func: Id(
                                        IdExpr {
                                            id: "f",
                                            ctx: Load,
                                            range: 67..68,
                                        },
                                    ),
                                    args: Arguments {
                                        args: [],
                                        kw_args: [],
                                        range: 68..70,
                                    },
                                    range: 67..70,
                                },
                            ),
                            target: Some(
                                Attribute(
                                    AttributeExpr {
                                        value: Id(
                                            IdExpr {
                                                id: "x",
                                                ctx: Load,
                                                range: 74..75,
                                            },
                                        ),
                                        attr: Valid(
                                            Identifier {
                                                id: "attr",
                                                range: 76..80,
                                            },
                                        ),
                                        ctx: Store,
                                        range: 74..80,
                                    },
                                ),
                            ),
                            range: 67..80,
                        },
                    ],
                    body: [
                        Pass(
                            PassStmt {
                                range: 86..90,
                            },
                        ),
                    ],
                    range: 62..90,
                },
            ),
            With(
                WithStmt {
                    items: [
                        WithItem {
                            item: Id(
                                IdExpr {
                                    id: "x",
                                    ctx: Load,
                                    range: 96..97,
                                },
                            ),
                            target: Some(
                                Id(
                                    IdExpr {
                                        id: "X",
                                        ctx: Store,
                                        range: 101..102,
                                    },
                                ),
                            ),
                            range: 96..102,
                        },
                        WithItem {
                            item: Id(
                                IdExpr {
                                    id: "y",
                                    ctx: Load,
                                    range: 104..105,
                                },
                            ),
                            target: Some(
                                Id(
                                    IdExpr {
                                        id: "Y",
                                        ctx: Store,
                                        range: 109..110,
                                    },
                                ),
                            ),
                            range: 104..110,
                        },
                        WithItem {
                            item: Id(
                                IdExpr {
                                    id: "z",
                                    ctx: Load,
                                    range: 112..113,
                                },
                            ),
                            target: Some(
                                Id(
                                    IdExpr {
                                        id: "Z",
                                        ctx: Store,
                                        range: 117..118,
                                    },
                                ),
                            ),
                            range: 112..118,
                        },
                    ],
                    body: [
                        Expression(
                            ExpressionStmt {
                                value: Ellipsis(
                                    EllipsisExpr {
                                        range: 124..127,
                                    },
                                ),
                                range: 124..127,
                            },
                        ),
                    ],
                    range: 91..127,
                },
            ),
            With(
                WithStmt {
                    items: [
                        WithItem {
                            item: Id(
                                IdExpr {
                                    id: "x",
                                    ctx: Load,
                                    range: 134..135,
                                },
                            ),
                            target: None,
                            range: 134..135,
                        },
                        WithItem {
                            item: Id(
                                IdExpr {
                                    id: "z",
                                    ctx: Load,
                                    range: 137..138,
                                },
                            ),
                            target: Some(
                                Id(
                                    IdExpr {
                                        id: "Y",
                                        ctx: Store,
                                        range: 142..143,
                                    },
                                ),
                            ),
                            range: 137..143,
                        },
                        WithItem {
                            item: Id(
                                IdExpr {
                                    id: "y",
                                    ctx: Load,
                                    range: 145..146,
                                },
                            ),
                            target: None,
                            range: 145..146,
                        },
                    ],
                    body: [
                        Expression(
                            ExpressionStmt {
                                value: Ellipsis(
                                    EllipsisExpr {
                                        range: 154..157,
                                    },
                                ),
                                range: 154..157,
                            },
                        ),
                    ],
                    range: 128..157,
                },
            ),
            With(
                WithStmt {
                    items: [
                        WithItem {
                            item: Id(
                                IdExpr {
                                    id: "a",
                                    ctx: Load,
                                    range: 164..165,
                                },
                            ),
                            target: Some(
                                Id(
                                    IdExpr {
                                        id: "f",
                                        ctx: Store,
                                        range: 170..171,
                                    },
                                ),
                            ),
                            range: 163..171,
                        },
                    ],
                    body: [
                        Expression(
                            ExpressionStmt {
                                value: Ellipsis(
                                    EllipsisExpr {
                                        range: 177..180,
                                    },
                                ),
                                range: 177..180,
                            },
                        ),
                    ],
                    range: 158..180,
                },
            ),
            With(
                WithStmt {
                    items: [
                        WithItem {
                            item: Id(
                                IdExpr {
                                    id: "a",
                                    ctx: Load,
                                    range: 188..189,
                                },
                            ),
                            target: Some(
                                Id(
                                    IdExpr {
                                        id: "f",
                                        ctx: Store,
                                        range: 194..195,
                                    },
                                ),
                            ),
                            range: 187..195,
                        },
                        WithItem {
                            item: Literal(
                                LiteralExpr {
                                    value: Int(
                                        "1",
                                    ),
                                    range: 197..198,
                                },
                            ),
                            target: None,
                            range: 197..198,
                        },
                    ],
                    body: [
                        Expression(
                            ExpressionStmt {
                                value: Ellipsis(
                                    EllipsisExpr {
                                        range: 205..208,
                                    },
                                ),
                                range: 205..208,
                            },
                        ),
                    ],
                    range: 181..208,
                },
            ),
            With(
                WithStmt {
                    items: [
                        WithItem {
                            item: Id(
                                IdExpr {
                                    id: "a",
                                    ctx: Load,
                                    range: 214..215,
                                },
                            ),
                            target: None,
                            range: 214..215,
                        },
                    ],
                    body: [
                        Expression(
                            ExpressionStmt {
                                value: Yield(
                                    YieldExpr {
                                        value: Some(
                                            Tuple(
                                                TupleExpr {
                                                    elements: [
                                                        Id(
                                                            IdExpr {
                                                                id: "a",
                                                                ctx: Load,
                                                                range: 227..228,
                                                            },
                                                        ),
                                                        Id(
                                                            IdExpr {
                                                                id: "b",
                                                                ctx: Load,
                                                                range: 230..231,
                                                            },
                                                        ),
                                                    ],
                                                    ctx: Load,
                                                    range: 227..231,
                                                },
                                            ),
                                        ),
                                        range: 221..231,
                                    },
                                ),
                                range: 221..231,
                            },
                        ),
                    ],
                    range: 209..231,
                },
            ),
            With(
                WithStmt {
                    items: [
                        WithItem {
                            item: Yield(
                                YieldExpr {
                                    value: Some(
                                        Literal(
                                            LiteralExpr {
                                                value: Int(
                                                    "1",
                                                ),
                                                range: 244..245,
                                            },
                                        ),
                                    ),
                                    range: 238..245,
                                },
                            ),
                            target: None,
                            range: 238..245,
                        },
                    ],
                    body: [
                        Expression(
                            ExpressionStmt {
                                value: Ellipsis(
                                    EllipsisExpr {
                                        range: 252..255,
                                    },
                                ),
                                range: 252..255,
                            },
                        ),
                    ],
                    range: 232..255,
                },
            ),
            With(
                WithStmt {
                    items: [
                        WithItem {
                            item: YieldFrom(
                                YieldFromExpr {
                                    value: Literal(
                                        LiteralExpr {
                                            value: Int(
                                                "1",
                                            ),
                                            range: 273..274,
                                        },
                                    ),
                                    range: 262..274,
                                },
                            ),
                            target: None,
                            range: 262..274,
                        },
                    ],
                    body: [
                        Expression(
                            ExpressionStmt {
                                value: Ellipsis(
                                    EllipsisExpr {
                                        range: 281..284,
                                    },
                                ),
                                range: 281..284,
                            },
                        ),
                    ],
                    range: 256..284,
                },
            ),
            With(
                WithStmt {
                    items: [
                        WithItem {
                            item: Named(
                                NamedExpr {
                                    target: Id(
                                        IdExpr {
                                            id: "a",
                                            ctx: Store,
                                            range: 291..292,
                                        },
                                    ),
                                    value: Literal(
                                        LiteralExpr {
                                            value: Int(
                                                "1",
                                            ),
                                            range: 296..297,
                                        },
                                    ),
                                    range: 291..297,
                                },
                            ),
                            target: None,
                            range: 291..297,
                        },
                    ],
                    body: [
                        Expression(
                            ExpressionStmt {
                                value: Ellipsis(
                                    EllipsisExpr {
                                        range: 304..307,
                                    },
                                ),
                                range: 304..307,
                            },
                        ),
                    ],
                    range: 285..307,
                },
            ),
        ],
        range: 0..307,
    },
    parse_errors: [],
}
