---
source: src/parser/tests.rs
expression: "parse(\"\n1 + 2\n1 + 2 - 3\n1 + 2 - 3 + 4\n2 * 2\n1 + 2 * 2\n3 ** 2\n3 ** 2 * 5\n1 + (2 + 3)\n1 << 2\n1 >> 2\n1 | 2\n1 ^ 2\n\")"
---
ParsedFile {
    ast: Module {
        body: [
            Expression(
                ExpressionStmt {
                    value: BinaryOp(
                        BinaryOpExpr {
                            left: Literal(
                                LiteralExpr {
                                    value: Int(
                                        "1",
                                    ),
                                    range: 1..2,
                                },
                            ),
                            op: Add,
                            right: Literal(
                                LiteralExpr {
                                    value: Int(
                                        "2",
                                    ),
                                    range: 5..6,
                                },
                            ),
                            range: 1..6,
                        },
                    ),
                    range: 1..6,
                },
            ),
            Expression(
                ExpressionStmt {
                    value: BinaryOp(
                        BinaryOpExpr {
                            left: BinaryOp(
                                BinaryOpExpr {
                                    left: Literal(
                                        LiteralExpr {
                                            value: Int(
                                                "1",
                                            ),
                                            range: 7..8,
                                        },
                                    ),
                                    op: Add,
                                    right: Literal(
                                        LiteralExpr {
                                            value: Int(
                                                "2",
                                            ),
                                            range: 11..12,
                                        },
                                    ),
                                    range: 7..12,
                                },
                            ),
                            op: Sub,
                            right: Literal(
                                LiteralExpr {
                                    value: Int(
                                        "3",
                                    ),
                                    range: 15..16,
                                },
                            ),
                            range: 7..16,
                        },
                    ),
                    range: 7..16,
                },
            ),
            Expression(
                ExpressionStmt {
                    value: BinaryOp(
                        BinaryOpExpr {
                            left: BinaryOp(
                                BinaryOpExpr {
                                    left: BinaryOp(
                                        BinaryOpExpr {
                                            left: Literal(
                                                LiteralExpr {
                                                    value: Int(
                                                        "1",
                                                    ),
                                                    range: 17..18,
                                                },
                                            ),
                                            op: Add,
                                            right: Literal(
                                                LiteralExpr {
                                                    value: Int(
                                                        "2",
                                                    ),
                                                    range: 21..22,
                                                },
                                            ),
                                            range: 17..22,
                                        },
                                    ),
                                    op: Sub,
                                    right: Literal(
                                        LiteralExpr {
                                            value: Int(
                                                "3",
                                            ),
                                            range: 25..26,
                                        },
                                    ),
                                    range: 17..26,
                                },
                            ),
                            op: Add,
                            right: Literal(
                                LiteralExpr {
                                    value: Int(
                                        "4",
                                    ),
                                    range: 29..30,
                                },
                            ),
                            range: 17..30,
                        },
                    ),
                    range: 17..30,
                },
            ),
            Expression(
                ExpressionStmt {
                    value: BinaryOp(
                        BinaryOpExpr {
                            left: Literal(
                                LiteralExpr {
                                    value: Int(
                                        "2",
                                    ),
                                    range: 31..32,
                                },
                            ),
                            op: Mult,
                            right: Literal(
                                LiteralExpr {
                                    value: Int(
                                        "2",
                                    ),
                                    range: 35..36,
                                },
                            ),
                            range: 31..36,
                        },
                    ),
                    range: 31..36,
                },
            ),
            Expression(
                ExpressionStmt {
                    value: BinaryOp(
                        BinaryOpExpr {
                            left: Literal(
                                LiteralExpr {
                                    value: Int(
                                        "1",
                                    ),
                                    range: 37..38,
                                },
                            ),
                            op: Add,
                            right: BinaryOp(
                                BinaryOpExpr {
                                    left: Literal(
                                        LiteralExpr {
                                            value: Int(
                                                "2",
                                            ),
                                            range: 41..42,
                                        },
                                    ),
                                    op: Mult,
                                    right: Literal(
                                        LiteralExpr {
                                            value: Int(
                                                "2",
                                            ),
                                            range: 45..46,
                                        },
                                    ),
                                    range: 41..46,
                                },
                            ),
                            range: 37..46,
                        },
                    ),
                    range: 37..46,
                },
            ),
            Expression(
                ExpressionStmt {
                    value: BinaryOp(
                        BinaryOpExpr {
                            left: Literal(
                                LiteralExpr {
                                    value: Int(
                                        "3",
                                    ),
                                    range: 47..48,
                                },
                            ),
                            op: Pow,
                            right: Literal(
                                LiteralExpr {
                                    value: Int(
                                        "2",
                                    ),
                                    range: 52..53,
                                },
                            ),
                            range: 47..53,
                        },
                    ),
                    range: 47..53,
                },
            ),
            Expression(
                ExpressionStmt {
                    value: BinaryOp(
                        BinaryOpExpr {
                            left: BinaryOp(
                                BinaryOpExpr {
                                    left: Literal(
                                        LiteralExpr {
                                            value: Int(
                                                "3",
                                            ),
                                            range: 54..55,
                                        },
                                    ),
                                    op: Pow,
                                    right: Literal(
                                        LiteralExpr {
                                            value: Int(
                                                "2",
                                            ),
                                            range: 59..60,
                                        },
                                    ),
                                    range: 54..60,
                                },
                            ),
                            op: Mult,
                            right: Literal(
                                LiteralExpr {
                                    value: Int(
                                        "5",
                                    ),
                                    range: 63..64,
                                },
                            ),
                            range: 54..64,
                        },
                    ),
                    range: 54..64,
                },
            ),
            Expression(
                ExpressionStmt {
                    value: BinaryOp(
                        BinaryOpExpr {
                            left: Literal(
                                LiteralExpr {
                                    value: Int(
                                        "1",
                                    ),
                                    range: 65..66,
                                },
                            ),
                            op: Add,
                            right: BinaryOp(
                                BinaryOpExpr {
                                    left: Literal(
                                        LiteralExpr {
                                            value: Int(
                                                "2",
                                            ),
                                            range: 70..71,
                                        },
                                    ),
                                    op: Add,
                                    right: Literal(
                                        LiteralExpr {
                                            value: Int(
                                                "3",
                                            ),
                                            range: 74..75,
                                        },
                                    ),
                                    range: 70..75,
                                },
                            ),
                            range: 65..76,
                        },
                    ),
                    range: 65..76,
                },
            ),
            Expression(
                ExpressionStmt {
                    value: BinaryOp(
                        BinaryOpExpr {
                            left: Literal(
                                LiteralExpr {
                                    value: Int(
                                        "1",
                                    ),
                                    range: 77..78,
                                },
                            ),
                            op: LShift,
                            right: Literal(
                                LiteralExpr {
                                    value: Int(
                                        "2",
                                    ),
                                    range: 82..83,
                                },
                            ),
                            range: 77..83,
                        },
                    ),
                    range: 77..83,
                },
            ),
            Expression(
                ExpressionStmt {
                    value: BinaryOp(
                        BinaryOpExpr {
                            left: Literal(
                                LiteralExpr {
                                    value: Int(
                                        "1",
                                    ),
                                    range: 84..85,
                                },
                            ),
                            op: RShift,
                            right: Literal(
                                LiteralExpr {
                                    value: Int(
                                        "2",
                                    ),
                                    range: 89..90,
                                },
                            ),
                            range: 84..90,
                        },
                    ),
                    range: 84..90,
                },
            ),
            Expression(
                ExpressionStmt {
                    value: BinaryOp(
                        BinaryOpExpr {
                            left: Literal(
                                LiteralExpr {
                                    value: Int(
                                        "1",
                                    ),
                                    range: 91..92,
                                },
                            ),
                            op: BitOr,
                            right: Literal(
                                LiteralExpr {
                                    value: Int(
                                        "2",
                                    ),
                                    range: 95..96,
                                },
                            ),
                            range: 91..96,
                        },
                    ),
                    range: 91..96,
                },
            ),
            Expression(
                ExpressionStmt {
                    value: BinaryOp(
                        BinaryOpExpr {
                            left: Literal(
                                LiteralExpr {
                                    value: Int(
                                        "1",
                                    ),
                                    range: 97..98,
                                },
                            ),
                            op: BitXor,
                            right: Literal(
                                LiteralExpr {
                                    value: Int(
                                        "2",
                                    ),
                                    range: 101..102,
                                },
                            ),
                            range: 97..102,
                        },
                    ),
                    range: 97..102,
                },
            ),
        ],
        range: 0..102,
    },
    parse_errors: [],
}
