---
source: src/parser/tests.rs
expression: "parse(\"\na if True else b\nf() if x else None\na if b else c if d else e\n1 + x if 1 < 0 else -1\na and b if x else False\nx <= y if y else x\nTrue if a and b else False\n1, 1 if a else c\n\")"
---
ParsedFile {
    ast: Module {
        body: [
            Expression(
                ExpressionStmt {
                    value: IfElse(
                        IfElseExpr {
                            body: Id(
                                IdExpr {
                                    id: "a",
                                    ctx: Load,
                                    range: 1..2,
                                },
                            ),
                            test: Literal(
                                LiteralExpr {
                                    value: Bool(
                                        True,
                                    ),
                                    range: 6..10,
                                },
                            ),
                            orelse: Id(
                                IdExpr {
                                    id: "b",
                                    ctx: Load,
                                    range: 16..17,
                                },
                            ),
                            range: 1..17,
                        },
                    ),
                    range: 1..17,
                },
            ),
            Expression(
                ExpressionStmt {
                    value: IfElse(
                        IfElseExpr {
                            body: Call(
                                CallExpr {
                                    func: Id(
                                        IdExpr {
                                            id: "f",
                                            ctx: Load,
                                            range: 18..19,
                                        },
                                    ),
                                    args: Arguments {
                                        args: [],
                                        kw_args: [],
                                        range: 19..21,
                                    },
                                    range: 18..21,
                                },
                            ),
                            test: Id(
                                IdExpr {
                                    id: "x",
                                    ctx: Load,
                                    range: 25..26,
                                },
                            ),
                            orelse: Literal(
                                LiteralExpr {
                                    value: None,
                                    range: 32..36,
                                },
                            ),
                            range: 18..36,
                        },
                    ),
                    range: 18..36,
                },
            ),
            Expression(
                ExpressionStmt {
                    value: IfElse(
                        IfElseExpr {
                            body: Id(
                                IdExpr {
                                    id: "a",
                                    ctx: Load,
                                    range: 37..38,
                                },
                            ),
                            test: Id(
                                IdExpr {
                                    id: "b",
                                    ctx: Load,
                                    range: 42..43,
                                },
                            ),
                            orelse: IfElse(
                                IfElseExpr {
                                    body: Id(
                                        IdExpr {
                                            id: "c",
                                            ctx: Load,
                                            range: 49..50,
                                        },
                                    ),
                                    test: Id(
                                        IdExpr {
                                            id: "d",
                                            ctx: Load,
                                            range: 54..55,
                                        },
                                    ),
                                    orelse: Id(
                                        IdExpr {
                                            id: "e",
                                            ctx: Load,
                                            range: 61..62,
                                        },
                                    ),
                                    range: 49..62,
                                },
                            ),
                            range: 37..62,
                        },
                    ),
                    range: 37..62,
                },
            ),
            Expression(
                ExpressionStmt {
                    value: IfElse(
                        IfElseExpr {
                            body: BinaryOp(
                                BinaryOpExpr {
                                    left: Literal(
                                        LiteralExpr {
                                            value: Int(
                                                "1",
                                            ),
                                            range: 63..64,
                                        },
                                    ),
                                    op: Add,
                                    right: Id(
                                        IdExpr {
                                            id: "x",
                                            ctx: Load,
                                            range: 67..68,
                                        },
                                    ),
                                    range: 63..68,
                                },
                            ),
                            test: Compare(
                                CompareExpr {
                                    left: Literal(
                                        LiteralExpr {
                                            value: Int(
                                                "1",
                                            ),
                                            range: 72..73,
                                        },
                                    ),
                                    ops: [
                                        Lt,
                                    ],
                                    comparators: [
                                        Literal(
                                            LiteralExpr {
                                                value: Int(
                                                    "0",
                                                ),
                                                range: 76..77,
                                            },
                                        ),
                                    ],
                                    range: 72..77,
                                },
                            ),
                            orelse: UnaryOp(
                                UnaryOpExpr {
                                    op: USub,
                                    operand: Literal(
                                        LiteralExpr {
                                            value: Int(
                                                "1",
                                            ),
                                            range: 84..85,
                                        },
                                    ),
                                    range: 83..85,
                                },
                            ),
                            range: 63..85,
                        },
                    ),
                    range: 63..85,
                },
            ),
            Expression(
                ExpressionStmt {
                    value: IfElse(
                        IfElseExpr {
                            body: BoolOp(
                                BoolOpExpr {
                                    op: And,
                                    values: [
                                        Id(
                                            IdExpr {
                                                id: "a",
                                                ctx: Load,
                                                range: 86..87,
                                            },
                                        ),
                                        Id(
                                            IdExpr {
                                                id: "b",
                                                ctx: Load,
                                                range: 92..93,
                                            },
                                        ),
                                    ],
                                    range: 86..93,
                                },
                            ),
                            test: Id(
                                IdExpr {
                                    id: "x",
                                    ctx: Load,
                                    range: 97..98,
                                },
                            ),
                            orelse: Literal(
                                LiteralExpr {
                                    value: Bool(
                                        False,
                                    ),
                                    range: 104..109,
                                },
                            ),
                            range: 86..109,
                        },
                    ),
                    range: 86..109,
                },
            ),
            Expression(
                ExpressionStmt {
                    value: IfElse(
                        IfElseExpr {
                            body: Compare(
                                CompareExpr {
                                    left: Id(
                                        IdExpr {
                                            id: "x",
                                            ctx: Load,
                                            range: 110..111,
                                        },
                                    ),
                                    ops: [
                                        LtE,
                                    ],
                                    comparators: [
                                        Id(
                                            IdExpr {
                                                id: "y",
                                                ctx: Load,
                                                range: 115..116,
                                            },
                                        ),
                                    ],
                                    range: 110..116,
                                },
                            ),
                            test: Id(
                                IdExpr {
                                    id: "y",
                                    ctx: Load,
                                    range: 120..121,
                                },
                            ),
                            orelse: Id(
                                IdExpr {
                                    id: "x",
                                    ctx: Load,
                                    range: 127..128,
                                },
                            ),
                            range: 110..128,
                        },
                    ),
                    range: 110..128,
                },
            ),
            Expression(
                ExpressionStmt {
                    value: IfElse(
                        IfElseExpr {
                            body: Literal(
                                LiteralExpr {
                                    value: Bool(
                                        True,
                                    ),
                                    range: 129..133,
                                },
                            ),
                            test: BoolOp(
                                BoolOpExpr {
                                    op: And,
                                    values: [
                                        Id(
                                            IdExpr {
                                                id: "a",
                                                ctx: Load,
                                                range: 137..138,
                                            },
                                        ),
                                        Id(
                                            IdExpr {
                                                id: "b",
                                                ctx: Load,
                                                range: 143..144,
                                            },
                                        ),
                                    ],
                                    range: 137..144,
                                },
                            ),
                            orelse: Literal(
                                LiteralExpr {
                                    value: Bool(
                                        False,
                                    ),
                                    range: 150..155,
                                },
                            ),
                            range: 129..155,
                        },
                    ),
                    range: 129..155,
                },
            ),
            Expression(
                ExpressionStmt {
                    value: Tuple(
                        TupleExpr {
                            elements: [
                                Literal(
                                    LiteralExpr {
                                        value: Int(
                                            "1",
                                        ),
                                        range: 156..157,
                                    },
                                ),
                                IfElse(
                                    IfElseExpr {
                                        body: Literal(
                                            LiteralExpr {
                                                value: Int(
                                                    "1",
                                                ),
                                                range: 159..160,
                                            },
                                        ),
                                        test: Id(
                                            IdExpr {
                                                id: "a",
                                                ctx: Load,
                                                range: 164..165,
                                            },
                                        ),
                                        orelse: Id(
                                            IdExpr {
                                                id: "c",
                                                ctx: Load,
                                                range: 171..172,
                                            },
                                        ),
                                        range: 159..172,
                                    },
                                ),
                            ],
                            ctx: Load,
                            range: 156..172,
                        },
                    ),
                    range: 156..172,
                },
            ),
        ],
        range: 0..172,
    },
    parse_errors: [],
}
