---
source: src/parser/tests.rs
expression: "parse(\"\nx = 1\n[] = *l\n() = *t\n{} = *d\na, b = ab\n1 + 1 = a and b\n*a = 1 + 2\na and b = None\na < b = True\na = b = c\n... = f() = c, = 1\nfoo.bar = False\nbaz[0] = 42\n\")"
---
ParsedFile {
    ast: Module {
        body: [
            Assign(
                AssignStmt {
                    targets: [
                        Id(
                            IdExpr {
                                id: "x",
                                ctx: Store,
                                range: 1..2,
                            },
                        ),
                    ],
                    value: Literal(
                        LiteralExpr {
                            value: Int(
                                "1",
                            ),
                            range: 5..6,
                        },
                    ),
                    range: 1..6,
                },
            ),
            Assign(
                AssignStmt {
                    targets: [
                        List(
                            ListExpr {
                                elements: [],
                                ctx: Store,
                                range: 7..9,
                            },
                        ),
                    ],
                    value: Starred(
                        StarredExpr {
                            value: Id(
                                IdExpr {
                                    id: "l",
                                    ctx: Load,
                                    range: 13..14,
                                },
                            ),
                            ctx: Load,
                            range: 12..14,
                        },
                    ),
                    range: 7..14,
                },
            ),
            Assign(
                AssignStmt {
                    targets: [
                        Tuple(
                            TupleExpr {
                                elements: [],
                                ctx: Store,
                                range: 15..17,
                            },
                        ),
                    ],
                    value: Starred(
                        StarredExpr {
                            value: Id(
                                IdExpr {
                                    id: "t",
                                    ctx: Load,
                                    range: 21..22,
                                },
                            ),
                            ctx: Load,
                            range: 20..22,
                        },
                    ),
                    range: 15..22,
                },
            ),
            Assign(
                AssignStmt {
                    targets: [
                        Dict(
                            DictExpr {
                                keys: [],
                                values: [],
                                range: 23..25,
                            },
                        ),
                    ],
                    value: Starred(
                        StarredExpr {
                            value: Id(
                                IdExpr {
                                    id: "d",
                                    ctx: Load,
                                    range: 29..30,
                                },
                            ),
                            ctx: Load,
                            range: 28..30,
                        },
                    ),
                    range: 23..30,
                },
            ),
            Assign(
                AssignStmt {
                    targets: [
                        Tuple(
                            TupleExpr {
                                elements: [
                                    Id(
                                        IdExpr {
                                            id: "a",
                                            ctx: Store,
                                            range: 31..32,
                                        },
                                    ),
                                    Id(
                                        IdExpr {
                                            id: "b",
                                            ctx: Store,
                                            range: 34..35,
                                        },
                                    ),
                                ],
                                ctx: Store,
                                range: 31..36,
                            },
                        ),
                    ],
                    value: Id(
                        IdExpr {
                            id: "ab",
                            ctx: Load,
                            range: 38..40,
                        },
                    ),
                    range: 31..40,
                },
            ),
            Assign(
                AssignStmt {
                    targets: [
                        BinaryOp(
                            BinaryOpExpr {
                                left: Literal(
                                    LiteralExpr {
                                        value: Int(
                                            "1",
                                        ),
                                        range: 41..42,
                                    },
                                ),
                                op: Add,
                                right: Literal(
                                    LiteralExpr {
                                        value: Int(
                                            "1",
                                        ),
                                        range: 45..46,
                                    },
                                ),
                                range: 41..46,
                            },
                        ),
                    ],
                    value: BoolOp(
                        BoolOpExpr {
                            op: And,
                            values: [
                                Id(
                                    IdExpr {
                                        id: "a",
                                        ctx: Load,
                                        range: 49..50,
                                    },
                                ),
                                Id(
                                    IdExpr {
                                        id: "b",
                                        ctx: Load,
                                        range: 55..56,
                                    },
                                ),
                            ],
                            range: 49..56,
                        },
                    ),
                    range: 41..56,
                },
            ),
            Assign(
                AssignStmt {
                    targets: [
                        Starred(
                            StarredExpr {
                                value: Id(
                                    IdExpr {
                                        id: "a",
                                        ctx: Load,
                                        range: 58..59,
                                    },
                                ),
                                ctx: Store,
                                range: 57..59,
                            },
                        ),
                    ],
                    value: BinaryOp(
                        BinaryOpExpr {
                            left: Literal(
                                LiteralExpr {
                                    value: Int(
                                        "1",
                                    ),
                                    range: 62..63,
                                },
                            ),
                            op: Add,
                            right: Literal(
                                LiteralExpr {
                                    value: Int(
                                        "2",
                                    ),
                                    range: 66..67,
                                },
                            ),
                            range: 62..67,
                        },
                    ),
                    range: 57..67,
                },
            ),
            Assign(
                AssignStmt {
                    targets: [
                        BoolOp(
                            BoolOpExpr {
                                op: And,
                                values: [
                                    Id(
                                        IdExpr {
                                            id: "a",
                                            ctx: Load,
                                            range: 68..69,
                                        },
                                    ),
                                    Id(
                                        IdExpr {
                                            id: "b",
                                            ctx: Load,
                                            range: 74..75,
                                        },
                                    ),
                                ],
                                range: 68..75,
                            },
                        ),
                    ],
                    value: Literal(
                        LiteralExpr {
                            value: None,
                            range: 78..82,
                        },
                    ),
                    range: 68..82,
                },
            ),
            Assign(
                AssignStmt {
                    targets: [
                        Compare(
                            CompareExpr {
                                left: Id(
                                    IdExpr {
                                        id: "a",
                                        ctx: Load,
                                        range: 83..84,
                                    },
                                ),
                                ops: [
                                    Lt,
                                ],
                                comparators: [
                                    Id(
                                        IdExpr {
                                            id: "b",
                                            ctx: Load,
                                            range: 87..88,
                                        },
                                    ),
                                ],
                                range: 83..88,
                            },
                        ),
                    ],
                    value: Literal(
                        LiteralExpr {
                            value: Bool(
                                True,
                            ),
                            range: 91..95,
                        },
                    ),
                    range: 83..95,
                },
            ),
            Assign(
                AssignStmt {
                    targets: [
                        Id(
                            IdExpr {
                                id: "a",
                                ctx: Store,
                                range: 96..97,
                            },
                        ),
                        Id(
                            IdExpr {
                                id: "b",
                                ctx: Load,
                                range: 100..101,
                            },
                        ),
                    ],
                    value: Id(
                        IdExpr {
                            id: "c",
                            ctx: Load,
                            range: 104..105,
                        },
                    ),
                    range: 96..105,
                },
            ),
            Assign(
                AssignStmt {
                    targets: [
                        Ellipsis(
                            EllipsisExpr {
                                range: 106..109,
                            },
                        ),
                        Call(
                            CallExpr {
                                func: Id(
                                    IdExpr {
                                        id: "f",
                                        ctx: Load,
                                        range: 112..113,
                                    },
                                ),
                                args: Arguments {
                                    args: [],
                                    kw_args: [],
                                    range: 113..115,
                                },
                                range: 112..115,
                            },
                        ),
                        Tuple(
                            TupleExpr {
                                elements: [
                                    Id(
                                        IdExpr {
                                            id: "c",
                                            ctx: Load,
                                            range: 118..119,
                                        },
                                    ),
                                ],
                                ctx: Load,
                                range: 118..121,
                            },
                        ),
                    ],
                    value: Literal(
                        LiteralExpr {
                            value: Int(
                                "1",
                            ),
                            range: 123..124,
                        },
                    ),
                    range: 106..124,
                },
            ),
            Assign(
                AssignStmt {
                    targets: [
                        Attribute(
                            AttributeExpr {
                                value: Id(
                                    IdExpr {
                                        id: "foo",
                                        ctx: Load,
                                        range: 125..128,
                                    },
                                ),
                                attr: Valid(
                                    Identifier {
                                        id: "bar",
                                        range: 129..132,
                                    },
                                ),
                                ctx: Store,
                                range: 125..132,
                            },
                        ),
                    ],
                    value: Literal(
                        LiteralExpr {
                            value: Bool(
                                False,
                            ),
                            range: 135..140,
                        },
                    ),
                    range: 125..140,
                },
            ),
            Assign(
                AssignStmt {
                    targets: [
                        Subscript(
                            SubscriptExpr {
                                value: Id(
                                    IdExpr {
                                        id: "baz",
                                        ctx: Load,
                                        range: 141..144,
                                    },
                                ),
                                slice: Literal(
                                    LiteralExpr {
                                        value: Int(
                                            "0",
                                        ),
                                        range: 145..146,
                                    },
                                ),
                                ctx: Store,
                                range: 141..147,
                            },
                        ),
                    ],
                    value: Literal(
                        LiteralExpr {
                            value: Int(
                                "42",
                            ),
                            range: 150..152,
                        },
                    ),
                    range: 141..152,
                },
            ),
        ],
        range: 0..152,
    },
    parse_errors: [],
}
