---
source: src/parser/tests.rs
expression: "parse(\"\n@a\ndef f(): ...\n\n@a.b.c\ndef f(): ...\n\n@a\n@a.b.c\ndef f(): ...\n\n@a\n@1 | 2\n@a.b.c\nclass T: ...\n\")"
---
ParsedFile {
    ast: Module {
        body: [
            FunctionDef(
                FunctionDefStmt {
                    name: Valid(
                        Identifier {
                            id: "f",
                            range: 8..9,
                        },
                    ),
                    type_params: None,
                    parameters: Parameters {
                        kwarg: None,
                        vararg: None,
                        args: [],
                        posonlyargs: [],
                        kwonlyargs: [],
                        range: 10..11,
                    },
                    body: [
                        Expression(
                            ExpressionStmt {
                                value: Ellipsis(
                                    EllipsisExpr {
                                        range: 13..16,
                                    },
                                ),
                                range: 13..16,
                            },
                        ),
                    ],
                    decorators: [
                        Decorator {
                            expr: Id(
                                IdExpr {
                                    id: "a",
                                    ctx: Load,
                                    range: 2..3,
                                },
                            ),
                            range: 1..3,
                        },
                    ],
                    returns: None,
                    range: 1..16,
                },
            ),
            FunctionDef(
                FunctionDefStmt {
                    name: Valid(
                        Identifier {
                            id: "f",
                            range: 29..30,
                        },
                    ),
                    type_params: None,
                    parameters: Parameters {
                        kwarg: None,
                        vararg: None,
                        args: [],
                        posonlyargs: [],
                        kwonlyargs: [],
                        range: 31..32,
                    },
                    body: [
                        Expression(
                            ExpressionStmt {
                                value: Ellipsis(
                                    EllipsisExpr {
                                        range: 34..37,
                                    },
                                ),
                                range: 34..37,
                            },
                        ),
                    ],
                    decorators: [
                        Decorator {
                            expr: Attribute(
                                AttributeExpr {
                                    value: Attribute(
                                        AttributeExpr {
                                            value: Id(
                                                IdExpr {
                                                    id: "a",
                                                    ctx: Load,
                                                    range: 19..20,
                                                },
                                            ),
                                            attr: Valid(
                                                Identifier {
                                                    id: "b",
                                                    range: 21..22,
                                                },
                                            ),
                                            ctx: Load,
                                            range: 19..22,
                                        },
                                    ),
                                    attr: Valid(
                                        Identifier {
                                            id: "c",
                                            range: 23..24,
                                        },
                                    ),
                                    ctx: Load,
                                    range: 19..24,
                                },
                            ),
                            range: 18..24,
                        },
                    ],
                    returns: None,
                    range: 18..37,
                },
            ),
            FunctionDef(
                FunctionDefStmt {
                    name: Valid(
                        Identifier {
                            id: "f",
                            range: 53..54,
                        },
                    ),
                    type_params: None,
                    parameters: Parameters {
                        kwarg: None,
                        vararg: None,
                        args: [],
                        posonlyargs: [],
                        kwonlyargs: [],
                        range: 55..56,
                    },
                    body: [
                        Expression(
                            ExpressionStmt {
                                value: Ellipsis(
                                    EllipsisExpr {
                                        range: 58..61,
                                    },
                                ),
                                range: 58..61,
                            },
                        ),
                    ],
                    decorators: [
                        Decorator {
                            expr: Id(
                                IdExpr {
                                    id: "a",
                                    ctx: Load,
                                    range: 40..41,
                                },
                            ),
                            range: 39..41,
                        },
                        Decorator {
                            expr: Attribute(
                                AttributeExpr {
                                    value: Attribute(
                                        AttributeExpr {
                                            value: Id(
                                                IdExpr {
                                                    id: "a",
                                                    ctx: Load,
                                                    range: 43..44,
                                                },
                                            ),
                                            attr: Valid(
                                                Identifier {
                                                    id: "b",
                                                    range: 45..46,
                                                },
                                            ),
                                            ctx: Load,
                                            range: 43..46,
                                        },
                                    ),
                                    attr: Valid(
                                        Identifier {
                                            id: "c",
                                            range: 47..48,
                                        },
                                    ),
                                    ctx: Load,
                                    range: 43..48,
                                },
                            ),
                            range: 39..48,
                        },
                    ],
                    returns: None,
                    range: 39..61,
                },
            ),
            Class(
                ClassDefStmt {
                    decorators: [
                        Decorator {
                            expr: Id(
                                IdExpr {
                                    id: "a",
                                    ctx: Load,
                                    range: 64..65,
                                },
                            ),
                            range: 63..65,
                        },
                        Decorator {
                            expr: BinaryOp(
                                BinaryOpExpr {
                                    left: Literal(
                                        LiteralExpr {
                                            value: Int(
                                                "1",
                                            ),
                                            range: 67..68,
                                        },
                                    ),
                                    op: BitOr,
                                    right: Literal(
                                        LiteralExpr {
                                            value: Int(
                                                "2",
                                            ),
                                            range: 71..72,
                                        },
                                    ),
                                    range: 67..72,
                                },
                            ),
                            range: 63..72,
                        },
                        Decorator {
                            expr: Attribute(
                                AttributeExpr {
                                    value: Attribute(
                                        AttributeExpr {
                                            value: Id(
                                                IdExpr {
                                                    id: "a",
                                                    ctx: Load,
                                                    range: 74..75,
                                                },
                                            ),
                                            attr: Valid(
                                                Identifier {
                                                    id: "b",
                                                    range: 76..77,
                                                },
                                            ),
                                            ctx: Load,
                                            range: 74..77,
                                        },
                                    ),
                                    attr: Valid(
                                        Identifier {
                                            id: "c",
                                            range: 78..79,
                                        },
                                    ),
                                    ctx: Load,
                                    range: 74..79,
                                },
                            ),
                            range: 63..79,
                        },
                    ],
                    name: Valid(
                        Identifier {
                            id: "T",
                            range: 86..87,
                        },
                    ),
                    type_params: None,
                    arguments: None,
                    body: [
                        Expression(
                            ExpressionStmt {
                                value: Ellipsis(
                                    EllipsisExpr {
                                        range: 89..92,
                                    },
                                ),
                                range: 89..92,
                            },
                        ),
                    ],
                    range: 63..92,
                },
            ),
        ],
        range: 0..92,
    },
    parse_errors: [],
}
