---
source: src/parser/tests.rs
expression: "parse(\"\n*a\n*(a + 1)\n*x.attr\n\")"
---
ParsedFile {
    ast: Module {
        body: [
            Expression(
                ExpressionStmt {
                    value: Starred(
                        StarredExpr {
                            value: Id(
                                IdExpr {
                                    id: "a",
                                    ctx: Load,
                                    range: 2..3,
                                },
                            ),
                            ctx: Load,
                            range: 1..3,
                        },
                    ),
                    range: 1..3,
                },
            ),
            Expression(
                ExpressionStmt {
                    value: Starred(
                        StarredExpr {
                            value: BinaryOp(
                                BinaryOpExpr {
                                    left: Id(
                                        IdExpr {
                                            id: "a",
                                            ctx: Load,
                                            range: 6..7,
                                        },
                                    ),
                                    op: Add,
                                    right: Literal(
                                        LiteralExpr {
                                            value: Int(
                                                "1",
                                            ),
                                            range: 10..11,
                                        },
                                    ),
                                    range: 6..11,
                                },
                            ),
                            ctx: Load,
                            range: 4..12,
                        },
                    ),
                    range: 4..12,
                },
            ),
            Expression(
                ExpressionStmt {
                    value: Starred(
                        StarredExpr {
                            value: Attribute(
                                AttributeExpr {
                                    value: Id(
                                        IdExpr {
                                            id: "x",
                                            ctx: Load,
                                            range: 14..15,
                                        },
                                    ),
                                    attr: Valid(
                                        Identifier {
                                            id: "attr",
                                            range: 16..20,
                                        },
                                    ),
                                    ctx: Load,
                                    range: 14..20,
                                },
                            ),
                            ctx: Load,
                            range: 13..20,
                        },
                    ),
                    range: 13..20,
                },
            ),
        ],
        range: 0..20,
    },
    parse_errors: [],
}
