---
source: src/parser/tests.rs
expression: "parse(\"\ntry:\n    ...\nexcept:\n    ...\n\ntry:\n    ...\nexcept Exception1 as e:\n    ...\nexcept Exception2 as e:\n    ...\n\ntry:\n    ...\nexcept Exception as e:\n    ...\nexcept:\n    ...\nfinally:\n    ...\n\ntry:\n    ...\nexcept:\n    ...\nelse:\n    ...\n\ntry:\n    ...\nexcept:\n    ...\nelse:\n    ...\nfinally:\n    ...\n\ntry:\n    ...\nfinally:\n    ...\n\ntry:\n    ...\nelse:\n    ...\nfinally:\n    ...\n\ntry:\n    ...\nexcept* a as A:\n    ...\nexcept* b:\n    ...\n\")"
---
ParsedFile {
    ast: Module {
        body: [
            Try(
                TryStmt {
                    body: [
                        Expression(
                            ExpressionStmt {
                                value: Ellipsis(
                                    EllipsisExpr {
                                        range: 10..13,
                                    },
                                ),
                                range: 10..13,
                            },
                        ),
                    ],
                    handlers: [
                        ExceptHandler {
                            ty: None,
                            name: None,
                            body: [
                                Expression(
                                    ExpressionStmt {
                                        value: Ellipsis(
                                            EllipsisExpr {
                                                range: 26..29,
                                            },
                                        ),
                                        range: 26..29,
                                    },
                                ),
                            ],
                            range: 14..29,
                        },
                    ],
                    orelse: [],
                    final_body: [],
                    is_star: false,
                    range: 1..29,
                },
            ),
            Try(
                TryStmt {
                    body: [
                        Expression(
                            ExpressionStmt {
                                value: Ellipsis(
                                    EllipsisExpr {
                                        range: 40..43,
                                    },
                                ),
                                range: 40..43,
                            },
                        ),
                    ],
                    handlers: [
                        ExceptHandler {
                            ty: Some(
                                Id(
                                    IdExpr {
                                        id: "Exception1",
                                        ctx: Load,
                                        range: 51..61,
                                    },
                                ),
                            ),
                            name: Some(
                                Valid(
                                    Identifier {
                                        id: "e",
                                        range: 65..66,
                                    },
                                ),
                            ),
                            body: [
                                Expression(
                                    ExpressionStmt {
                                        value: Ellipsis(
                                            EllipsisExpr {
                                                range: 72..75,
                                            },
                                        ),
                                        range: 72..75,
                                    },
                                ),
                            ],
                            range: 44..75,
                        },
                        ExceptHandler {
                            ty: Some(
                                Id(
                                    IdExpr {
                                        id: "Exception2",
                                        ctx: Load,
                                        range: 83..93,
                                    },
                                ),
                            ),
                            name: Some(
                                Valid(
                                    Identifier {
                                        id: "e",
                                        range: 97..98,
                                    },
                                ),
                            ),
                            body: [
                                Expression(
                                    ExpressionStmt {
                                        value: Ellipsis(
                                            EllipsisExpr {
                                                range: 104..107,
                                            },
                                        ),
                                        range: 104..107,
                                    },
                                ),
                            ],
                            range: 76..107,
                        },
                    ],
                    orelse: [],
                    final_body: [],
                    is_star: false,
                    range: 31..107,
                },
            ),
            Try(
                TryStmt {
                    body: [
                        Expression(
                            ExpressionStmt {
                                value: Ellipsis(
                                    EllipsisExpr {
                                        range: 118..121,
                                    },
                                ),
                                range: 118..121,
                            },
                        ),
                    ],
                    handlers: [
                        ExceptHandler {
                            ty: Some(
                                Id(
                                    IdExpr {
                                        id: "Exception",
                                        ctx: Load,
                                        range: 129..138,
                                    },
                                ),
                            ),
                            name: Some(
                                Valid(
                                    Identifier {
                                        id: "e",
                                        range: 142..143,
                                    },
                                ),
                            ),
                            body: [
                                Expression(
                                    ExpressionStmt {
                                        value: Ellipsis(
                                            EllipsisExpr {
                                                range: 149..152,
                                            },
                                        ),
                                        range: 149..152,
                                    },
                                ),
                            ],
                            range: 122..152,
                        },
                        ExceptHandler {
                            ty: None,
                            name: None,
                            body: [
                                Expression(
                                    ExpressionStmt {
                                        value: Ellipsis(
                                            EllipsisExpr {
                                                range: 165..168,
                                            },
                                        ),
                                        range: 165..168,
                                    },
                                ),
                            ],
                            range: 153..168,
                        },
                    ],
                    orelse: [],
                    final_body: [
                        Expression(
                            ExpressionStmt {
                                value: Ellipsis(
                                    EllipsisExpr {
                                        range: 182..185,
                                    },
                                ),
                                range: 182..185,
                            },
                        ),
                    ],
                    is_star: false,
                    range: 109..185,
                },
            ),
            Try(
                TryStmt {
                    body: [
                        Expression(
                            ExpressionStmt {
                                value: Ellipsis(
                                    EllipsisExpr {
                                        range: 196..199,
                                    },
                                ),
                                range: 196..199,
                            },
                        ),
                    ],
                    handlers: [
                        ExceptHandler {
                            ty: None,
                            name: None,
                            body: [
                                Expression(
                                    ExpressionStmt {
                                        value: Ellipsis(
                                            EllipsisExpr {
                                                range: 212..215,
                                            },
                                        ),
                                        range: 212..215,
                                    },
                                ),
                            ],
                            range: 200..215,
                        },
                    ],
                    orelse: [
                        Expression(
                            ExpressionStmt {
                                value: Ellipsis(
                                    EllipsisExpr {
                                        range: 226..229,
                                    },
                                ),
                                range: 226..229,
                            },
                        ),
                    ],
                    final_body: [],
                    is_star: false,
                    range: 187..229,
                },
            ),
            Try(
                TryStmt {
                    body: [
                        Expression(
                            ExpressionStmt {
                                value: Ellipsis(
                                    EllipsisExpr {
                                        range: 240..243,
                                    },
                                ),
                                range: 240..243,
                            },
                        ),
                    ],
                    handlers: [
                        ExceptHandler {
                            ty: None,
                            name: None,
                            body: [
                                Expression(
                                    ExpressionStmt {
                                        value: Ellipsis(
                                            EllipsisExpr {
                                                range: 256..259,
                                            },
                                        ),
                                        range: 256..259,
                                    },
                                ),
                            ],
                            range: 244..259,
                        },
                    ],
                    orelse: [
                        Expression(
                            ExpressionStmt {
                                value: Ellipsis(
                                    EllipsisExpr {
                                        range: 270..273,
                                    },
                                ),
                                range: 270..273,
                            },
                        ),
                    ],
                    final_body: [
                        Expression(
                            ExpressionStmt {
                                value: Ellipsis(
                                    EllipsisExpr {
                                        range: 287..290,
                                    },
                                ),
                                range: 287..290,
                            },
                        ),
                    ],
                    is_star: false,
                    range: 231..290,
                },
            ),
            Try(
                TryStmt {
                    body: [
                        Expression(
                            ExpressionStmt {
                                value: Ellipsis(
                                    EllipsisExpr {
                                        range: 301..304,
                                    },
                                ),
                                range: 301..304,
                            },
                        ),
                    ],
                    handlers: [],
                    orelse: [],
                    final_body: [
                        Expression(
                            ExpressionStmt {
                                value: Ellipsis(
                                    EllipsisExpr {
                                        range: 318..321,
                                    },
                                ),
                                range: 318..321,
                            },
                        ),
                    ],
                    is_star: false,
                    range: 292..321,
                },
            ),
            Try(
                TryStmt {
                    body: [
                        Expression(
                            ExpressionStmt {
                                value: Ellipsis(
                                    EllipsisExpr {
                                        range: 332..335,
                                    },
                                ),
                                range: 332..335,
                            },
                        ),
                    ],
                    handlers: [],
                    orelse: [
                        Expression(
                            ExpressionStmt {
                                value: Ellipsis(
                                    EllipsisExpr {
                                        range: 346..349,
                                    },
                                ),
                                range: 346..349,
                            },
                        ),
                    ],
                    final_body: [
                        Expression(
                            ExpressionStmt {
                                value: Ellipsis(
                                    EllipsisExpr {
                                        range: 363..366,
                                    },
                                ),
                                range: 363..366,
                            },
                        ),
                    ],
                    is_star: false,
                    range: 323..366,
                },
            ),
            Try(
                TryStmt {
                    body: [
                        Expression(
                            ExpressionStmt {
                                value: Ellipsis(
                                    EllipsisExpr {
                                        range: 377..380,
                                    },
                                ),
                                range: 377..380,
                            },
                        ),
                    ],
                    handlers: [
                        ExceptHandler {
                            ty: Some(
                                Id(
                                    IdExpr {
                                        id: "a",
                                        ctx: Load,
                                        range: 389..390,
                                    },
                                ),
                            ),
                            name: Some(
                                Valid(
                                    Identifier {
                                        id: "A",
                                        range: 394..395,
                                    },
                                ),
                            ),
                            body: [
                                Expression(
                                    ExpressionStmt {
                                        value: Ellipsis(
                                            EllipsisExpr {
                                                range: 401..404,
                                            },
                                        ),
                                        range: 401..404,
                                    },
                                ),
                            ],
                            range: 381..404,
                        },
                        ExceptHandler {
                            ty: Some(
                                Id(
                                    IdExpr {
                                        id: "b",
                                        ctx: Load,
                                        range: 413..414,
                                    },
                                ),
                            ),
                            name: None,
                            body: [
                                Expression(
                                    ExpressionStmt {
                                        value: Ellipsis(
                                            EllipsisExpr {
                                                range: 420..423,
                                            },
                                        ),
                                        range: 420..423,
                                    },
                                ),
                            ],
                            range: 405..423,
                        },
                    ],
                    orelse: [],
                    final_body: [],
                    is_star: true,
                    range: 368..423,
                },
            ),
        ],
        range: 0..423,
    },
    parse_errors: [],
}
