---
source: src/parser/tests.rs
expression: "parse(r#\"\nf\"normal {foo} {{another}} {bar} {{{three}}}\"\nf\"normal {foo!a} {bar!s} {baz!r} {foobar}\"\nf\"normal {x:y + 2}\"\nf\"{x:{{1}.pop()}}\"\nf\"{(lambda x:{x})}\"\nf\"{x =}\"\nf\"{    x = }\"\nf\"{x=!a}\"\nf\"{x:.3f!r =}\"\nf\"{x = !r :.3f}\"\nf\"{x:.3f=!r}\"\n\"#)"
---
ParsedFile {
    ast: Module {
        body: [
            Expression(
                ExpressionStmt {
                    value: FString(
                        FStringExpr {
                            values: [
                                Literal(
                                    LiteralExpr {
                                        value: String(
                                            "normal ",
                                        ),
                                        range: 3..10,
                                    },
                                ),
                                FormattedValue(
                                    FormattedValueExpr {
                                        value: Id(
                                            IdExpr {
                                                id: "foo",
                                                ctx: Load,
                                                range: 11..14,
                                            },
                                        ),
                                        debug_text: None,
                                        conversion: None,
                                        format_spec: None,
                                        range: 10..15,
                                    },
                                ),
                                Literal(
                                    LiteralExpr {
                                        value: String(
                                            " {{another}} ",
                                        ),
                                        range: 15..28,
                                    },
                                ),
                                FormattedValue(
                                    FormattedValueExpr {
                                        value: Id(
                                            IdExpr {
                                                id: "bar",
                                                ctx: Load,
                                                range: 29..32,
                                            },
                                        ),
                                        debug_text: None,
                                        conversion: None,
                                        format_spec: None,
                                        range: 28..33,
                                    },
                                ),
                                Literal(
                                    LiteralExpr {
                                        value: String(
                                            " {{",
                                        ),
                                        range: 33..36,
                                    },
                                ),
                                FormattedValue(
                                    FormattedValueExpr {
                                        value: Id(
                                            IdExpr {
                                                id: "three",
                                                ctx: Load,
                                                range: 37..42,
                                            },
                                        ),
                                        debug_text: None,
                                        conversion: None,
                                        format_spec: None,
                                        range: 36..43,
                                    },
                                ),
                                Literal(
                                    LiteralExpr {
                                        value: String(
                                            "}}",
                                        ),
                                        range: 43..45,
                                    },
                                ),
                            ],
                            range: 1..46,
                        },
                    ),
                    range: 1..46,
                },
            ),
            Expression(
                ExpressionStmt {
                    value: FString(
                        FStringExpr {
                            values: [
                                Literal(
                                    LiteralExpr {
                                        value: String(
                                            "normal ",
                                        ),
                                        range: 49..56,
                                    },
                                ),
                                FormattedValue(
                                    FormattedValueExpr {
                                        value: Id(
                                            IdExpr {
                                                id: "foo",
                                                ctx: Load,
                                                range: 57..60,
                                            },
                                        ),
                                        debug_text: None,
                                        conversion: Ascii,
                                        format_spec: None,
                                        range: 56..63,
                                    },
                                ),
                                Literal(
                                    LiteralExpr {
                                        value: String(
                                            " ",
                                        ),
                                        range: 63..64,
                                    },
                                ),
                                FormattedValue(
                                    FormattedValueExpr {
                                        value: Id(
                                            IdExpr {
                                                id: "bar",
                                                ctx: Load,
                                                range: 65..68,
                                            },
                                        ),
                                        debug_text: None,
                                        conversion: Str,
                                        format_spec: None,
                                        range: 64..71,
                                    },
                                ),
                                Literal(
                                    LiteralExpr {
                                        value: String(
                                            " ",
                                        ),
                                        range: 71..72,
                                    },
                                ),
                                FormattedValue(
                                    FormattedValueExpr {
                                        value: Id(
                                            IdExpr {
                                                id: "baz",
                                                ctx: Load,
                                                range: 73..76,
                                            },
                                        ),
                                        debug_text: None,
                                        conversion: Repr,
                                        format_spec: None,
                                        range: 72..79,
                                    },
                                ),
                                Literal(
                                    LiteralExpr {
                                        value: String(
                                            " ",
                                        ),
                                        range: 79..80,
                                    },
                                ),
                                FormattedValue(
                                    FormattedValueExpr {
                                        value: Id(
                                            IdExpr {
                                                id: "foobar",
                                                ctx: Load,
                                                range: 81..87,
                                            },
                                        ),
                                        debug_text: None,
                                        conversion: None,
                                        format_spec: None,
                                        range: 80..88,
                                    },
                                ),
                            ],
                            range: 47..89,
                        },
                    ),
                    range: 47..89,
                },
            ),
            Expression(
                ExpressionStmt {
                    value: FString(
                        FStringExpr {
                            values: [
                                Literal(
                                    LiteralExpr {
                                        value: String(
                                            "normal ",
                                        ),
                                        range: 92..99,
                                    },
                                ),
                                FormattedValue(
                                    FormattedValueExpr {
                                        value: Id(
                                            IdExpr {
                                                id: "x",
                                                ctx: Load,
                                                range: 100..101,
                                            },
                                        ),
                                        debug_text: None,
                                        conversion: None,
                                        format_spec: Some(
                                            FString(
                                                FStringExpr {
                                                    values: [
                                                        Literal(
                                                            LiteralExpr {
                                                                value: String(
                                                                    "y + 2",
                                                                ),
                                                                range: 102..107,
                                                            },
                                                        ),
                                                    ],
                                                    range: 102..107,
                                                },
                                            ),
                                        ),
                                        range: 99..108,
                                    },
                                ),
                            ],
                            range: 90..109,
                        },
                    ),
                    range: 90..109,
                },
            ),
            Expression(
                ExpressionStmt {
                    value: FString(
                        FStringExpr {
                            values: [
                                FormattedValue(
                                    FormattedValueExpr {
                                        value: Id(
                                            IdExpr {
                                                id: "x",
                                                ctx: Load,
                                                range: 113..114,
                                            },
                                        ),
                                        debug_text: None,
                                        conversion: None,
                                        format_spec: Some(
                                            FString(
                                                FStringExpr {
                                                    values: [
                                                        FormattedValue(
                                                            FormattedValueExpr {
                                                                value: Call(
                                                                    CallExpr {
                                                                        func: Attribute(
                                                                            AttributeExpr {
                                                                                value: Set(
                                                                                    SetExpr {
                                                                                        elements: [
                                                                                            Literal(
                                                                                                LiteralExpr {
                                                                                                    value: Int(
                                                                                                        "1",
                                                                                                    ),
                                                                                                    range: 117..118,
                                                                                                },
                                                                                            ),
                                                                                        ],
                                                                                        range: 116..119,
                                                                                    },
                                                                                ),
                                                                                attr: Valid(
                                                                                    Identifier {
                                                                                        id: "pop",
                                                                                        range: 120..123,
                                                                                    },
                                                                                ),
                                                                                ctx: Load,
                                                                                range: 116..123,
                                                                            },
                                                                        ),
                                                                        args: Arguments {
                                                                            args: [],
                                                                            kw_args: [],
                                                                            range: 123..125,
                                                                        },
                                                                        range: 116..125,
                                                                    },
                                                                ),
                                                                debug_text: None,
                                                                conversion: None,
                                                                format_spec: None,
                                                                range: 115..126,
                                                            },
                                                        ),
                                                    ],
                                                    range: 115..126,
                                                },
                                            ),
                                        ),
                                        range: 112..127,
                                    },
                                ),
                            ],
                            range: 110..128,
                        },
                    ),
                    range: 110..128,
                },
            ),
            Expression(
                ExpressionStmt {
                    value: FString(
                        FStringExpr {
                            values: [
                                FormattedValue(
                                    FormattedValueExpr {
                                        value: Lambda(
                                            LambdaExpr {
                                                parameters: Some(
                                                    Parameters {
                                                        kwarg: None,
                                                        vararg: None,
                                                        args: [
                                                            ParameterWithDefault {
                                                                parameter: Parameter {
                                                                    name: Valid(
                                                                        Identifier {
                                                                            id: "x",
                                                                            range: 140..141,
                                                                        },
                                                                    ),
                                                                    annotation: None,
                                                                    range: 140..141,
                                                                },
                                                                default: None,
                                                                range: 140..141,
                                                            },
                                                        ],
                                                        posonlyargs: [],
                                                        kwonlyargs: [],
                                                        range: 140..141,
                                                    },
                                                ),
                                                body: Set(
                                                    SetExpr {
                                                        elements: [
                                                            Id(
                                                                IdExpr {
                                                                    id: "x",
                                                                    ctx: Load,
                                                                    range: 143..144,
                                                                },
                                                            ),
                                                        ],
                                                        range: 142..145,
                                                    },
                                                ),
                                                range: 133..145,
                                            },
                                        ),
                                        debug_text: None,
                                        conversion: None,
                                        format_spec: None,
                                        range: 131..147,
                                    },
                                ),
                            ],
                            range: 129..148,
                        },
                    ),
                    range: 129..148,
                },
            ),
            Expression(
                ExpressionStmt {
                    value: FString(
                        FStringExpr {
                            values: [
                                FormattedValue(
                                    FormattedValueExpr {
                                        value: Id(
                                            IdExpr {
                                                id: "x",
                                                ctx: Load,
                                                range: 152..153,
                                            },
                                        ),
                                        debug_text: Some(
                                            DebugText {
                                                leading: "",
                                                trailing: " =",
                                            },
                                        ),
                                        conversion: None,
                                        format_spec: None,
                                        range: 151..156,
                                    },
                                ),
                            ],
                            range: 149..157,
                        },
                    ),
                    range: 149..157,
                },
            ),
            Expression(
                ExpressionStmt {
                    value: FString(
                        FStringExpr {
                            values: [
                                FormattedValue(
                                    FormattedValueExpr {
                                        value: Id(
                                            IdExpr {
                                                id: "x",
                                                ctx: Load,
                                                range: 165..166,
                                            },
                                        ),
                                        debug_text: Some(
                                            DebugText {
                                                leading: "    ",
                                                trailing: " = ",
                                            },
                                        ),
                                        conversion: None,
                                        format_spec: None,
                                        range: 160..170,
                                    },
                                ),
                            ],
                            range: 158..171,
                        },
                    ),
                    range: 158..171,
                },
            ),
            Expression(
                ExpressionStmt {
                    value: FString(
                        FStringExpr {
                            values: [
                                FormattedValue(
                                    FormattedValueExpr {
                                        value: Id(
                                            IdExpr {
                                                id: "x",
                                                ctx: Load,
                                                range: 175..176,
                                            },
                                        ),
                                        debug_text: Some(
                                            DebugText {
                                                leading: "",
                                                trailing: "=",
                                            },
                                        ),
                                        conversion: Ascii,
                                        format_spec: None,
                                        range: 174..180,
                                    },
                                ),
                            ],
                            range: 172..181,
                        },
                    ),
                    range: 172..181,
                },
            ),
            Expression(
                ExpressionStmt {
                    value: FString(
                        FStringExpr {
                            values: [
                                FormattedValue(
                                    FormattedValueExpr {
                                        value: Id(
                                            IdExpr {
                                                id: "x",
                                                ctx: Load,
                                                range: 185..186,
                                            },
                                        ),
                                        debug_text: None,
                                        conversion: None,
                                        format_spec: Some(
                                            FString(
                                                FStringExpr {
                                                    values: [
                                                        Literal(
                                                            LiteralExpr {
                                                                value: String(
                                                                    ".3f!r =",
                                                                ),
                                                                range: 187..194,
                                                            },
                                                        ),
                                                    ],
                                                    range: 187..194,
                                                },
                                            ),
                                        ),
                                        range: 184..195,
                                    },
                                ),
                            ],
                            range: 182..196,
                        },
                    ),
                    range: 182..196,
                },
            ),
            Expression(
                ExpressionStmt {
                    value: FString(
                        FStringExpr {
                            values: [
                                FormattedValue(
                                    FormattedValueExpr {
                                        value: Id(
                                            IdExpr {
                                                id: "x",
                                                ctx: Load,
                                                range: 200..201,
                                            },
                                        ),
                                        debug_text: Some(
                                            DebugText {
                                                leading: "",
                                                trailing: " = ",
                                            },
                                        ),
                                        conversion: Repr,
                                        format_spec: Some(
                                            FString(
                                                FStringExpr {
                                                    values: [
                                                        Literal(
                                                            LiteralExpr {
                                                                value: String(
                                                                    ".3f",
                                                                ),
                                                                range: 208..211,
                                                            },
                                                        ),
                                                    ],
                                                    range: 208..211,
                                                },
                                            ),
                                        ),
                                        range: 199..212,
                                    },
                                ),
                            ],
                            range: 197..213,
                        },
                    ),
                    range: 197..213,
                },
            ),
            Expression(
                ExpressionStmt {
                    value: FString(
                        FStringExpr {
                            values: [
                                FormattedValue(
                                    FormattedValueExpr {
                                        value: Id(
                                            IdExpr {
                                                id: "x",
                                                ctx: Load,
                                                range: 217..218,
                                            },
                                        ),
                                        debug_text: None,
                                        conversion: None,
                                        format_spec: Some(
                                            FString(
                                                FStringExpr {
                                                    values: [
                                                        Literal(
                                                            LiteralExpr {
                                                                value: String(
                                                                    ".3f=!r",
                                                                ),
                                                                range: 219..225,
                                                            },
                                                        ),
                                                    ],
                                                    range: 219..225,
                                                },
                                            ),
                                        ),
                                        range: 216..226,
                                    },
                                ),
                            ],
                            range: 214..227,
                        },
                    ),
                    range: 214..227,
                },
            ),
        ],
        range: 0..227,
    },
    parse_errors: [],
}
