---
source: src/parser/tests.rs
expression: "parse(\"\n[1 + i, [1, 2, 3, 4], (a, i + x, y), {a, b, c}, {a: 1}]\n[1, 2, 3]\n[]\n[1]\n[f(g(attr.H()) for c in l)]\n\")"
---
ParsedFile {
    ast: Module {
        body: [
            Expression(
                ExpressionStmt {
                    value: List(
                        ListExpr {
                            elements: [
                                BinaryOp(
                                    BinaryOpExpr {
                                        left: Literal(
                                            LiteralExpr {
                                                value: Int(
                                                    "1",
                                                ),
                                                range: 2..3,
                                            },
                                        ),
                                        op: Add,
                                        right: Id(
                                            IdExpr {
                                                id: "i",
                                                ctx: Load,
                                                range: 6..7,
                                            },
                                        ),
                                        range: 2..7,
                                    },
                                ),
                                List(
                                    ListExpr {
                                        elements: [
                                            Literal(
                                                LiteralExpr {
                                                    value: Int(
                                                        "1",
                                                    ),
                                                    range: 10..11,
                                                },
                                            ),
                                            Literal(
                                                LiteralExpr {
                                                    value: Int(
                                                        "2",
                                                    ),
                                                    range: 13..14,
                                                },
                                            ),
                                            Literal(
                                                LiteralExpr {
                                                    value: Int(
                                                        "3",
                                                    ),
                                                    range: 16..17,
                                                },
                                            ),
                                            Literal(
                                                LiteralExpr {
                                                    value: Int(
                                                        "4",
                                                    ),
                                                    range: 19..20,
                                                },
                                            ),
                                        ],
                                        ctx: Load,
                                        range: 9..21,
                                    },
                                ),
                                Tuple(
                                    TupleExpr {
                                        elements: [
                                            Id(
                                                IdExpr {
                                                    id: "a",
                                                    ctx: Load,
                                                    range: 24..25,
                                                },
                                            ),
                                            BinaryOp(
                                                BinaryOpExpr {
                                                    left: Id(
                                                        IdExpr {
                                                            id: "i",
                                                            ctx: Load,
                                                            range: 27..28,
                                                        },
                                                    ),
                                                    op: Add,
                                                    right: Id(
                                                        IdExpr {
                                                            id: "x",
                                                            ctx: Load,
                                                            range: 31..32,
                                                        },
                                                    ),
                                                    range: 27..32,
                                                },
                                            ),
                                            Id(
                                                IdExpr {
                                                    id: "y",
                                                    ctx: Load,
                                                    range: 34..35,
                                                },
                                            ),
                                        ],
                                        ctx: Load,
                                        range: 23..36,
                                    },
                                ),
                                Set(
                                    SetExpr {
                                        elements: [
                                            Id(
                                                IdExpr {
                                                    id: "a",
                                                    ctx: Load,
                                                    range: 39..40,
                                                },
                                            ),
                                            Id(
                                                IdExpr {
                                                    id: "b",
                                                    ctx: Load,
                                                    range: 42..43,
                                                },
                                            ),
                                            Id(
                                                IdExpr {
                                                    id: "c",
                                                    ctx: Load,
                                                    range: 45..46,
                                                },
                                            ),
                                        ],
                                        range: 38..47,
                                    },
                                ),
                                Dict(
                                    DictExpr {
                                        keys: [
                                            Some(
                                                Id(
                                                    IdExpr {
                                                        id: "a",
                                                        ctx: Load,
                                                        range: 50..51,
                                                    },
                                                ),
                                            ),
                                        ],
                                        values: [
                                            Literal(
                                                LiteralExpr {
                                                    value: Int(
                                                        "1",
                                                    ),
                                                    range: 53..54,
                                                },
                                            ),
                                        ],
                                        range: 49..55,
                                    },
                                ),
                            ],
                            ctx: Load,
                            range: 1..56,
                        },
                    ),
                    range: 1..56,
                },
            ),
            Expression(
                ExpressionStmt {
                    value: List(
                        ListExpr {
                            elements: [
                                Literal(
                                    LiteralExpr {
                                        value: Int(
                                            "1",
                                        ),
                                        range: 58..59,
                                    },
                                ),
                                Literal(
                                    LiteralExpr {
                                        value: Int(
                                            "2",
                                        ),
                                        range: 61..62,
                                    },
                                ),
                                Literal(
                                    LiteralExpr {
                                        value: Int(
                                            "3",
                                        ),
                                        range: 64..65,
                                    },
                                ),
                            ],
                            ctx: Load,
                            range: 57..66,
                        },
                    ),
                    range: 57..66,
                },
            ),
            Expression(
                ExpressionStmt {
                    value: List(
                        ListExpr {
                            elements: [],
                            ctx: Load,
                            range: 67..69,
                        },
                    ),
                    range: 67..69,
                },
            ),
            Expression(
                ExpressionStmt {
                    value: List(
                        ListExpr {
                            elements: [
                                Literal(
                                    LiteralExpr {
                                        value: Int(
                                            "1",
                                        ),
                                        range: 71..72,
                                    },
                                ),
                            ],
                            ctx: Load,
                            range: 70..73,
                        },
                    ),
                    range: 70..73,
                },
            ),
            Expression(
                ExpressionStmt {
                    value: List(
                        ListExpr {
                            elements: [
                                Call(
                                    CallExpr {
                                        func: Id(
                                            IdExpr {
                                                id: "f",
                                                ctx: Load,
                                                range: 75..76,
                                            },
                                        ),
                                        args: Arguments {
                                            args: [
                                                Generator(
                                                    GeneratorExpr {
                                                        element: Call(
                                                            CallExpr {
                                                                func: Id(
                                                                    IdExpr {
                                                                        id: "g",
                                                                        ctx: Load,
                                                                        range: 77..78,
                                                                    },
                                                                ),
                                                                args: Arguments {
                                                                    args: [
                                                                        Call(
                                                                            CallExpr {
                                                                                func: Attribute(
                                                                                    AttributeExpr {
                                                                                        value: Id(
                                                                                            IdExpr {
                                                                                                id: "attr",
                                                                                                ctx: Load,
                                                                                                range: 79..83,
                                                                                            },
                                                                                        ),
                                                                                        attr: Valid(
                                                                                            Identifier {
                                                                                                id: "H",
                                                                                                range: 84..85,
                                                                                            },
                                                                                        ),
                                                                                        ctx: Load,
                                                                                        range: 79..85,
                                                                                    },
                                                                                ),
                                                                                args: Arguments {
                                                                                    args: [],
                                                                                    kw_args: [],
                                                                                    range: 85..87,
                                                                                },
                                                                                range: 79..87,
                                                                            },
                                                                        ),
                                                                    ],
                                                                    kw_args: [],
                                                                    range: 78..88,
                                                                },
                                                                range: 77..88,
                                                            },
                                                        ),
                                                        generators: [
                                                            Comprehension {
                                                                target: Id(
                                                                    IdExpr {
                                                                        id: "c",
                                                                        ctx: Store,
                                                                        range: 93..94,
                                                                    },
                                                                ),
                                                                iter: Id(
                                                                    IdExpr {
                                                                        id: "l",
                                                                        ctx: Load,
                                                                        range: 98..99,
                                                                    },
                                                                ),
                                                                ifs: [],
                                                                is_async: false,
                                                                range: 89..99,
                                                            },
                                                        ],
                                                        range: 77..99,
                                                    },
                                                ),
                                            ],
                                            kw_args: [],
                                            range: 76..100,
                                        },
                                        range: 75..100,
                                    },
                                ),
                            ],
                            ctx: Load,
                            range: 74..101,
                        },
                    ),
                    range: 74..101,
                },
            ),
        ],
        range: 0..101,
    },
    parse_errors: [],
}
