---
source: src/parser/tests.rs
expression: "parse(\"\na == b\nb < a\nb > a\na >= b\na <= b\na != b\na is c\na in b\na not in c\na is not b\na < b == c > d is e not in f is not g <= h >= i != j\n\")"
---
ParsedFile {
    ast: Module {
        body: [
            Expression(
                ExpressionStmt {
                    value: Compare(
                        CompareExpr {
                            left: Id(
                                IdExpr {
                                    id: "a",
                                    ctx: Load,
                                    range: 1..2,
                                },
                            ),
                            ops: [
                                Eq,
                            ],
                            comparators: [
                                Id(
                                    IdExpr {
                                        id: "b",
                                        ctx: Load,
                                        range: 6..7,
                                    },
                                ),
                            ],
                            range: 1..7,
                        },
                    ),
                    range: 1..7,
                },
            ),
            Expression(
                ExpressionStmt {
                    value: Compare(
                        CompareExpr {
                            left: Id(
                                IdExpr {
                                    id: "b",
                                    ctx: Load,
                                    range: 8..9,
                                },
                            ),
                            ops: [
                                Lt,
                            ],
                            comparators: [
                                Id(
                                    IdExpr {
                                        id: "a",
                                        ctx: Load,
                                        range: 12..13,
                                    },
                                ),
                            ],
                            range: 8..13,
                        },
                    ),
                    range: 8..13,
                },
            ),
            Expression(
                ExpressionStmt {
                    value: Compare(
                        CompareExpr {
                            left: Id(
                                IdExpr {
                                    id: "b",
                                    ctx: Load,
                                    range: 14..15,
                                },
                            ),
                            ops: [
                                Gt,
                            ],
                            comparators: [
                                Id(
                                    IdExpr {
                                        id: "a",
                                        ctx: Load,
                                        range: 18..19,
                                    },
                                ),
                            ],
                            range: 14..19,
                        },
                    ),
                    range: 14..19,
                },
            ),
            Expression(
                ExpressionStmt {
                    value: Compare(
                        CompareExpr {
                            left: Id(
                                IdExpr {
                                    id: "a",
                                    ctx: Load,
                                    range: 20..21,
                                },
                            ),
                            ops: [
                                GtE,
                            ],
                            comparators: [
                                Id(
                                    IdExpr {
                                        id: "b",
                                        ctx: Load,
                                        range: 25..26,
                                    },
                                ),
                            ],
                            range: 20..26,
                        },
                    ),
                    range: 20..26,
                },
            ),
            Expression(
                ExpressionStmt {
                    value: Compare(
                        CompareExpr {
                            left: Id(
                                IdExpr {
                                    id: "a",
                                    ctx: Load,
                                    range: 27..28,
                                },
                            ),
                            ops: [
                                LtE,
                            ],
                            comparators: [
                                Id(
                                    IdExpr {
                                        id: "b",
                                        ctx: Load,
                                        range: 32..33,
                                    },
                                ),
                            ],
                            range: 27..33,
                        },
                    ),
                    range: 27..33,
                },
            ),
            Expression(
                ExpressionStmt {
                    value: Compare(
                        CompareExpr {
                            left: Id(
                                IdExpr {
                                    id: "a",
                                    ctx: Load,
                                    range: 34..35,
                                },
                            ),
                            ops: [
                                NotEq,
                            ],
                            comparators: [
                                Id(
                                    IdExpr {
                                        id: "b",
                                        ctx: Load,
                                        range: 39..40,
                                    },
                                ),
                            ],
                            range: 34..40,
                        },
                    ),
                    range: 34..40,
                },
            ),
            Expression(
                ExpressionStmt {
                    value: Compare(
                        CompareExpr {
                            left: Id(
                                IdExpr {
                                    id: "a",
                                    ctx: Load,
                                    range: 41..42,
                                },
                            ),
                            ops: [
                                Is,
                            ],
                            comparators: [
                                Id(
                                    IdExpr {
                                        id: "c",
                                        ctx: Load,
                                        range: 46..47,
                                    },
                                ),
                            ],
                            range: 41..47,
                        },
                    ),
                    range: 41..47,
                },
            ),
            Expression(
                ExpressionStmt {
                    value: Compare(
                        CompareExpr {
                            left: Id(
                                IdExpr {
                                    id: "a",
                                    ctx: Load,
                                    range: 48..49,
                                },
                            ),
                            ops: [
                                In,
                            ],
                            comparators: [
                                Id(
                                    IdExpr {
                                        id: "b",
                                        ctx: Load,
                                        range: 53..54,
                                    },
                                ),
                            ],
                            range: 48..54,
                        },
                    ),
                    range: 48..54,
                },
            ),
            Expression(
                ExpressionStmt {
                    value: Compare(
                        CompareExpr {
                            left: Id(
                                IdExpr {
                                    id: "a",
                                    ctx: Load,
                                    range: 55..56,
                                },
                            ),
                            ops: [
                                NotIn,
                            ],
                            comparators: [
                                Id(
                                    IdExpr {
                                        id: "c",
                                        ctx: Load,
                                        range: 64..65,
                                    },
                                ),
                            ],
                            range: 55..65,
                        },
                    ),
                    range: 55..65,
                },
            ),
            Expression(
                ExpressionStmt {
                    value: Compare(
                        CompareExpr {
                            left: Id(
                                IdExpr {
                                    id: "a",
                                    ctx: Load,
                                    range: 66..67,
                                },
                            ),
                            ops: [
                                IsNot,
                            ],
                            comparators: [
                                Id(
                                    IdExpr {
                                        id: "b",
                                        ctx: Load,
                                        range: 75..76,
                                    },
                                ),
                            ],
                            range: 66..76,
                        },
                    ),
                    range: 66..76,
                },
            ),
            Expression(
                ExpressionStmt {
                    value: Compare(
                        CompareExpr {
                            left: Id(
                                IdExpr {
                                    id: "a",
                                    ctx: Load,
                                    range: 77..78,
                                },
                            ),
                            ops: [
                                Lt,
                                Eq,
                                Gt,
                                Is,
                                NotIn,
                                IsNot,
                                LtE,
                                GtE,
                                NotEq,
                            ],
                            comparators: [
                                Id(
                                    IdExpr {
                                        id: "b",
                                        ctx: Load,
                                        range: 81..82,
                                    },
                                ),
                                Id(
                                    IdExpr {
                                        id: "c",
                                        ctx: Load,
                                        range: 86..87,
                                    },
                                ),
                                Id(
                                    IdExpr {
                                        id: "d",
                                        ctx: Load,
                                        range: 90..91,
                                    },
                                ),
                                Id(
                                    IdExpr {
                                        id: "e",
                                        ctx: Load,
                                        range: 95..96,
                                    },
                                ),
                                Id(
                                    IdExpr {
                                        id: "f",
                                        ctx: Load,
                                        range: 104..105,
                                    },
                                ),
                                Id(
                                    IdExpr {
                                        id: "g",
                                        ctx: Load,
                                        range: 113..114,
                                    },
                                ),
                                Id(
                                    IdExpr {
                                        id: "h",
                                        ctx: Load,
                                        range: 118..119,
                                    },
                                ),
                                Id(
                                    IdExpr {
                                        id: "i",
                                        ctx: Load,
                                        range: 123..124,
                                    },
                                ),
                                Id(
                                    IdExpr {
                                        id: "j",
                                        ctx: Load,
                                        range: 128..129,
                                    },
                                ),
                            ],
                            range: 77..129,
                        },
                    ),
                    range: 77..129,
                },
            ),
        ],
        range: 0..129,
    },
    parse_errors: [],
}
