---
source: src/parser/tests.rs
expression: "parse(\"\n(x:=1)\n{ x := 1 }\n[x := 1]\n(x := 1 + 1)\n(x,y := a and b)\n{ x,y := a < b }\n[x,y := ...]\nf(a:=b, c:=d)\n\")"
---
ParsedFile {
    ast: Module {
        body: [
            Expression(
                ExpressionStmt {
                    value: Named(
                        NamedExpr {
                            target: Id(
                                IdExpr {
                                    id: "x",
                                    ctx: Store,
                                    range: 2..3,
                                },
                            ),
                            value: Literal(
                                LiteralExpr {
                                    value: Int(
                                        "1",
                                    ),
                                    range: 5..6,
                                },
                            ),
                            range: 2..6,
                        },
                    ),
                    range: 1..7,
                },
            ),
            Expression(
                ExpressionStmt {
                    value: Set(
                        SetExpr {
                            elements: [
                                Named(
                                    NamedExpr {
                                        target: Id(
                                            IdExpr {
                                                id: "x",
                                                ctx: Store,
                                                range: 10..11,
                                            },
                                        ),
                                        value: Literal(
                                            LiteralExpr {
                                                value: Int(
                                                    "1",
                                                ),
                                                range: 15..16,
                                            },
                                        ),
                                        range: 10..16,
                                    },
                                ),
                            ],
                            range: 8..18,
                        },
                    ),
                    range: 8..18,
                },
            ),
            Expression(
                ExpressionStmt {
                    value: List(
                        ListExpr {
                            elements: [
                                Named(
                                    NamedExpr {
                                        target: Id(
                                            IdExpr {
                                                id: "x",
                                                ctx: Store,
                                                range: 20..21,
                                            },
                                        ),
                                        value: Literal(
                                            LiteralExpr {
                                                value: Int(
                                                    "1",
                                                ),
                                                range: 25..26,
                                            },
                                        ),
                                        range: 20..26,
                                    },
                                ),
                            ],
                            ctx: Load,
                            range: 19..27,
                        },
                    ),
                    range: 19..27,
                },
            ),
            Expression(
                ExpressionStmt {
                    value: Named(
                        NamedExpr {
                            target: Id(
                                IdExpr {
                                    id: "x",
                                    ctx: Store,
                                    range: 29..30,
                                },
                            ),
                            value: BinaryOp(
                                BinaryOpExpr {
                                    left: Literal(
                                        LiteralExpr {
                                            value: Int(
                                                "1",
                                            ),
                                            range: 34..35,
                                        },
                                    ),
                                    op: Add,
                                    right: Literal(
                                        LiteralExpr {
                                            value: Int(
                                                "1",
                                            ),
                                            range: 38..39,
                                        },
                                    ),
                                    range: 34..39,
                                },
                            ),
                            range: 29..39,
                        },
                    ),
                    range: 28..40,
                },
            ),
            Expression(
                ExpressionStmt {
                    value: Tuple(
                        TupleExpr {
                            elements: [
                                Id(
                                    IdExpr {
                                        id: "x",
                                        ctx: Load,
                                        range: 42..43,
                                    },
                                ),
                                Named(
                                    NamedExpr {
                                        target: Id(
                                            IdExpr {
                                                id: "y",
                                                ctx: Store,
                                                range: 44..45,
                                            },
                                        ),
                                        value: BoolOp(
                                            BoolOpExpr {
                                                op: And,
                                                values: [
                                                    Id(
                                                        IdExpr {
                                                            id: "a",
                                                            ctx: Load,
                                                            range: 49..50,
                                                        },
                                                    ),
                                                    Id(
                                                        IdExpr {
                                                            id: "b",
                                                            ctx: Load,
                                                            range: 55..56,
                                                        },
                                                    ),
                                                ],
                                                range: 49..56,
                                            },
                                        ),
                                        range: 44..56,
                                    },
                                ),
                            ],
                            ctx: Load,
                            range: 41..57,
                        },
                    ),
                    range: 41..57,
                },
            ),
            Expression(
                ExpressionStmt {
                    value: Set(
                        SetExpr {
                            elements: [
                                Id(
                                    IdExpr {
                                        id: "x",
                                        ctx: Load,
                                        range: 60..61,
                                    },
                                ),
                                Named(
                                    NamedExpr {
                                        target: Id(
                                            IdExpr {
                                                id: "y",
                                                ctx: Store,
                                                range: 62..63,
                                            },
                                        ),
                                        value: Compare(
                                            CompareExpr {
                                                left: Id(
                                                    IdExpr {
                                                        id: "a",
                                                        ctx: Load,
                                                        range: 67..68,
                                                    },
                                                ),
                                                ops: [
                                                    Lt,
                                                ],
                                                comparators: [
                                                    Id(
                                                        IdExpr {
                                                            id: "b",
                                                            ctx: Load,
                                                            range: 71..72,
                                                        },
                                                    ),
                                                ],
                                                range: 67..72,
                                            },
                                        ),
                                        range: 62..72,
                                    },
                                ),
                            ],
                            range: 58..74,
                        },
                    ),
                    range: 58..74,
                },
            ),
            Expression(
                ExpressionStmt {
                    value: List(
                        ListExpr {
                            elements: [
                                Id(
                                    IdExpr {
                                        id: "x",
                                        ctx: Load,
                                        range: 76..77,
                                    },
                                ),
                                Named(
                                    NamedExpr {
                                        target: Id(
                                            IdExpr {
                                                id: "y",
                                                ctx: Store,
                                                range: 78..79,
                                            },
                                        ),
                                        value: Ellipsis(
                                            EllipsisExpr {
                                                range: 83..86,
                                            },
                                        ),
                                        range: 78..86,
                                    },
                                ),
                            ],
                            ctx: Load,
                            range: 75..87,
                        },
                    ),
                    range: 75..87,
                },
            ),
            Expression(
                ExpressionStmt {
                    value: Call(
                        CallExpr {
                            func: Id(
                                IdExpr {
                                    id: "f",
                                    ctx: Load,
                                    range: 88..89,
                                },
                            ),
                            args: Arguments {
                                args: [
                                    Named(
                                        NamedExpr {
                                            target: Id(
                                                IdExpr {
                                                    id: "a",
                                                    ctx: Store,
                                                    range: 90..91,
                                                },
                                            ),
                                            value: Id(
                                                IdExpr {
                                                    id: "b",
                                                    ctx: Load,
                                                    range: 93..94,
                                                },
                                            ),
                                            range: 90..94,
                                        },
                                    ),
                                    Named(
                                        NamedExpr {
                                            target: Id(
                                                IdExpr {
                                                    id: "c",
                                                    ctx: Store,
                                                    range: 96..97,
                                                },
                                            ),
                                            value: Id(
                                                IdExpr {
                                                    id: "d",
                                                    ctx: Load,
                                                    range: 99..100,
                                                },
                                            ),
                                            range: 96..100,
                                        },
                                    ),
                                ],
                                kw_args: [],
                                range: 89..101,
                            },
                            range: 88..101,
                        },
                    ),
                    range: 88..101,
                },
            ),
        ],
        range: 0..101,
    },
    parse_errors: [],
}
